EAL: Detected CPU lcores: 56
EAL: Detected NUMA nodes: 1
EAL: Detected shared linkage of DPDK
EAL: Selected IOVA mode 'VA'
EAL: 16 hugepages of size 1073741824 reserved, but no mounted hugetlbfs found for that size
EAL: VFIO support initialized
EAL: Using IOMMU type 1 (Type 1)
EAL: Probe PCI driver: net_ice (8086:1592) device: 0000:17:00.0 (socket 0)
ice_load_pkg_type(): Active package is: 1.3.26.0, ICE OS Default Package (single VLAN mode)
TELEMETRY: No legacy callbacks, legacy socket not created
ice_set_rx_function(): Using AVX2 OFFLOAD Vector Rx (port 0).
hashtable size 8.00 gb
Lcore 1 assigned to Port 0 Queue 0
Lcore 2 assigned to Port 0 Queue 1
Lcore 3 assigned to Port 0 Queue 2
Lcore 4 assigned to Port 0 Queue 3
backing: 1g (call-site default), 8.00 GiB mapped at 0x7fc2c0000000
dramblast initialized!
Port 0 Link UP - 100000 Mbps
Port 0 Physical MAC Address: 40:A6:B7:C2:DD:50
[2J[1;1H
Port statistics ====================================
Statistics for port 0 ------------------------------
Packets sent:                 54875392
Packets received:             54875648
Packets forwarded:             54875520
Packets dropped:                     0
Packets tx dropped:                     0
Average rx batch sz: 64
--- Port 0 Hardware Stats ---
RX-Packets (Good)  : 0
RX-Missed (Dropped): 0 (Hardware queue full)
RX-Errors (Bad)    : 0 (MAC mismatch, bad CRC, etc.)
RX-No-Mbuf         : 0 (Software ran out of memory)
TX-Packets (Good)  : 0
TX-Errors          : 0
------------------------------

54.88 Mpps
Cycle per fwd packet: 118
====================================================
[2J[1;1H
Port statistics ====================================
Statistics for port 0 ------------------------------
Packets sent:                110341184
Packets received:            110341440
Packets forwarded:            110341312
Packets dropped:                     0
Packets tx dropped:                     0
Average rx batch sz: 64
--- Port 0 Hardware Stats ---
RX-Packets (Good)  : 55465849
RX-Missed (Dropped): 37816921 (Hardware queue full)
RX-Errors (Bad)    : 0 (MAC mismatch, bad CRC, etc.)
RX-No-Mbuf         : 0 (Software ran out of memory)
TX-Packets (Good)  : 55465629
TX-Errors          : 0
------------------------------

55.47 Mpps
Cycle per fwd packet: 117
====================================================
[2J[1;1H
Port statistics ====================================
Statistics for port 0 ------------------------------
Packets sent:                165788992
Packets received:            165789184
Packets forwarded:            165789056
Packets dropped:                     0
Packets tx dropped:                     0
Average rx batch sz: 64
--- Port 0 Hardware Stats ---
RX-Packets (Good)  : 110913599
RX-Missed (Dropped): 75652017 (Hardware queue full)
RX-Errors (Bad)    : 0 (MAC mismatch, bad CRC, etc.)
RX-No-Mbuf         : 0 (Software ran out of memory)
TX-Packets (Good)  : 110913387
TX-Errors          : 0
------------------------------

55.45 Mpps
Cycle per fwd packet: 117
====================================================
[2J[1;1H
Port statistics ====================================
Statistics for port 0 ------------------------------
Packets sent:                221365696
Packets received:            221365888
Packets forwarded:            221365760
Packets dropped:                     0
Packets tx dropped:                     0
Average rx batch sz: 64
--- Port 0 Hardware Stats ---
RX-Packets (Good)  : 166490456
RX-Missed (Dropped): 113358096 (Hardware queue full)
RX-Errors (Bad)    : 0 (MAC mismatch, bad CRC, etc.)
RX-No-Mbuf         : 0 (Software ran out of memory)
TX-Packets (Good)  : 166490136
TX-Errors          : 0
------------------------------

55.58 Mpps
Cycle per fwd packet: 117
====================================================
[2J[1;1H
Port statistics ====================================
Statistics for port 0 ------------------------------
Packets sent:                276997696
Packets received:            276997952
Packets forwarded:            276997760
Packets dropped:                     0
Packets tx dropped:                     0
Average rx batch sz: 64
--- Port 0 Hardware Stats ---
RX-Packets (Good)  : 222122256
RX-Missed (Dropped): 151009167 (Hardware queue full)
RX-Errors (Bad)    : 0 (MAC mismatch, bad CRC, etc.)
RX-No-Mbuf         : 0 (Software ran out of memory)
TX-Packets (Good)  : 222122014
TX-Errors          : 0
------------------------------

55.63 Mpps
Cycle per fwd packet: 117
====================================================
[2J[1;1H
Port statistics ====================================
Statistics for port 0 ------------------------------
Packets sent:                332523840
Packets received:            332524032
Packets forwarded:            332523840
Packets dropped:                     0
Packets tx dropped:                     0
Average rx batch sz: 64
--- Port 0 Hardware Stats ---
RX-Packets (Good)  : 277648403
RX-Missed (Dropped): 188765969 (Hardware queue full)
RX-Errors (Bad)    : 0 (MAC mismatch, bad CRC, etc.)
RX-No-Mbuf         : 0 (Software ran out of memory)
TX-Packets (Good)  : 277648218
TX-Errors          : 0
------------------------------

55.53 Mpps
Cycle per fwd packet: 117
====================================================
[2J[1;1H
Port statistics ====================================
Statistics for port 0 ------------------------------
Packets sent:                388113600
Packets received:            388113856
Packets forwarded:            388113600
Packets dropped:                     0
Packets tx dropped:                     0
Average rx batch sz: 64
--- Port 0 Hardware Stats ---
RX-Packets (Good)  : 333238144
RX-Missed (Dropped): 226459204 (Hardware queue full)
RX-Errors (Bad)    : 0 (MAC mismatch, bad CRC, etc.)
RX-No-Mbuf         : 0 (Software ran out of memory)
TX-Packets (Good)  : 333238040
TX-Errors          : 0
------------------------------

55.59 Mpps
Cycle per fwd packet: 116
====================================================
[2J[1;1H
Port statistics ====================================
Statistics for port 0 ------------------------------
Packets sent:                443738112
Packets received:            443738304
Packets forwarded:            443738112
Packets dropped:                     0
Packets tx dropped:                     0
Average rx batch sz: 64
--- Port 0 Hardware Stats ---
RX-Packets (Good)  : 388862702
RX-Missed (Dropped): 264117561 (Hardware queue full)
RX-Errors (Bad)    : 0 (MAC mismatch, bad CRC, etc.)
RX-No-Mbuf         : 0 (Software ran out of memory)
TX-Packets (Good)  : 388862498
TX-Errors          : 0
------------------------------

55.62 Mpps
Cycle per fwd packet: 116
====================================================
[2J[1;1H
Port statistics ====================================
Statistics for port 0 ------------------------------
Packets sent:                499335232
Packets received:            499335488
Packets forwarded:            499335296
Packets dropped:                     0
Packets tx dropped:                     0
Average rx batch sz: 64
--- Port 0 Hardware Stats ---
RX-Packets (Good)  : 444459830
RX-Missed (Dropped): 301803313 (Hardware queue full)
RX-Errors (Bad)    : 0 (MAC mismatch, bad CRC, etc.)
RX-No-Mbuf         : 0 (Software ran out of memory)
TX-Packets (Good)  : 444459706
TX-Errors          : 0
------------------------------

55.60 Mpps
Cycle per fwd packet: 116
====================================================
[2J[1;1H
Port statistics ====================================
Statistics for port 0 ------------------------------
Packets sent:                555019200
Packets received:            555019456
Packets forwarded:            555019200
Packets dropped:                     0
Packets tx dropped:                     0
Average rx batch sz: 64
--- Port 0 Hardware Stats ---
RX-Packets (Good)  : 500143544
RX-Missed (Dropped): 339402624 (Hardware queue full)
RX-Errors (Bad)    : 0 (MAC mismatch, bad CRC, etc.)
RX-No-Mbuf         : 0 (Software ran out of memory)
TX-Packets (Good)  : 500143546
TX-Errors          : 0
------------------------------

55.68 Mpps
Cycle per fwd packet: 116
====================================================
[2J[1;1H
Port statistics ====================================
Statistics for port 0 ------------------------------
Packets sent:                610786176
Packets received:            610786432
Packets forwarded:            610786304
Packets dropped:                     0
Packets tx dropped:                     0
Average rx batch sz: 64
--- Port 0 Hardware Stats ---
RX-Packets (Good)  : 555910551
RX-Missed (Dropped): 376918341 (Hardware queue full)
RX-Errors (Bad)    : 0 (MAC mismatch, bad CRC, etc.)
RX-No-Mbuf         : 0 (Software ran out of memory)
TX-Packets (Good)  : 555910621
TX-Errors          : 0
------------------------------

55.77 Mpps
Cycle per fwd packet: 116
====================================================
[2J[1;1H
Port statistics ====================================
Statistics for port 0 ------------------------------
Packets sent:                666518080
Packets received:            666518208
Packets forwarded:            666518144
Packets dropped:                     0
Packets tx dropped:                     0
Average rx batch sz: 64
--- Port 0 Hardware Stats ---
RX-Packets (Good)  : 611642473
RX-Missed (Dropped): 414473335 (Hardware queue full)
RX-Errors (Bad)    : 0 (MAC mismatch, bad CRC, etc.)
RX-No-Mbuf         : 0 (Software ran out of memory)
TX-Packets (Good)  : 611642462
TX-Errors          : 0
------------------------------

55.73 Mpps
Cycle per fwd packet: 116
====================================================
[2J[1;1H
Port statistics ====================================
Statistics for port 0 ------------------------------
Packets sent:                722132032
Packets received:            722132288
Packets forwarded:            722132032
Packets dropped:                     0
Packets tx dropped:                     0
Average rx batch sz: 64
--- Port 0 Hardware Stats ---
RX-Packets (Good)  : 667256553
RX-Missed (Dropped): 452138086 (Hardware queue full)
RX-Errors (Bad)    : 0 (MAC mismatch, bad CRC, etc.)
RX-No-Mbuf         : 0 (Software ran out of memory)
TX-Packets (Good)  : 667256402
TX-Errors          : 0
------------------------------

55.61 Mpps
Cycle per fwd packet: 116
====================================================
[2J[1;1H
Port statistics ====================================
Statistics for port 0 ------------------------------
Packets sent:                777879552
Packets received:            777879808
Packets forwarded:            777879616
Packets dropped:                     0
Packets tx dropped:                     0
Average rx batch sz: 64
--- Port 0 Hardware Stats ---
RX-Packets (Good)  : 723004149
RX-Missed (Dropped): 489673506 (Hardware queue full)
RX-Errors (Bad)    : 0 (MAC mismatch, bad CRC, etc.)
RX-No-Mbuf         : 0 (Software ran out of memory)
TX-Packets (Good)  : 723004008
TX-Errors          : 0
------------------------------

55.75 Mpps
Cycle per fwd packet: 116
====================================================
[2J[1;1H
Port statistics ====================================
Statistics for port 0 ------------------------------
Packets sent:                833543808
Packets received:            833544064
Packets forwarded:            833543808
Packets dropped:                     0
Packets tx dropped:                     0
Average rx batch sz: 64
--- Port 0 Hardware Stats ---
RX-Packets (Good)  : 778668365
RX-Missed (Dropped): 527292280 (Hardware queue full)
RX-Errors (Bad)    : 0 (MAC mismatch, bad CRC, etc.)
RX-No-Mbuf         : 0 (Software ran out of memory)
TX-Packets (Good)  : 778668209
TX-Errors          : 0
------------------------------

55.66 Mpps
Cycle per fwd packet: 116
====================================================
[2J[1;1H
Port statistics ====================================
Statistics for port 0 ------------------------------
Packets sent:                889323328
Packets received:            889323584
Packets forwarded:            889323328
Packets dropped:                     0
Packets tx dropped:                     0
Average rx batch sz: 64
--- Port 0 Hardware Stats ---
RX-Packets (Good)  : 834447936
RX-Missed (Dropped): 564795618 (Hardware queue full)
RX-Errors (Bad)    : 0 (MAC mismatch, bad CRC, etc.)
RX-No-Mbuf         : 0 (Software ran out of memory)
TX-Packets (Good)  : 834447773
TX-Errors          : 0
------------------------------

55.78 Mpps
Cycle per fwd packet: 116
====================================================
[2J[1;1H
Port statistics ====================================
Statistics for port 0 ------------------------------
Packets sent:                945024256
Packets received:            945024512
Packets forwarded:            945024256
Packets dropped:                     0
Packets tx dropped:                     0
Average rx batch sz: 64
--- Port 0 Hardware Stats ---
RX-Packets (Good)  : 890148828
RX-Missed (Dropped): 602377645 (Hardware queue full)
RX-Errors (Bad)    : 0 (MAC mismatch, bad CRC, etc.)
RX-No-Mbuf         : 0 (Software ran out of memory)
TX-Packets (Good)  : 890148695
TX-Errors          : 0
------------------------------

55.70 Mpps
Cycle per fwd packet: 116
====================================================
[2J[1;1H
Port statistics ====================================
Statistics for port 0 ------------------------------
Packets sent:               1000746176
Packets received:           1000746432
Packets forwarded:           1000746176
Packets dropped:                     0
Packets tx dropped:                     0
Average rx batch sz: 64
--- Port 0 Hardware Stats ---
RX-Packets (Good)  : 945870697
RX-Missed (Dropped): 639938824 (Hardware queue full)
RX-Errors (Bad)    : 0 (MAC mismatch, bad CRC, etc.)
RX-No-Mbuf         : 0 (Software ran out of memory)
TX-Packets (Good)  : 945870626
TX-Errors          : 0
------------------------------

55.72 Mpps
Cycle per fwd packet: 116
====================================================
[2J[1;1H
Port statistics ====================================
Statistics for port 0 ------------------------------
Packets sent:               1056233344
Packets received:           1056233600
Packets forwarded:           1056233472
Packets dropped:                     0
Packets tx dropped:                     0
Average rx batch sz: 64
--- Port 0 Hardware Stats ---
RX-Packets (Good)  : 1001357873
RX-Missed (Dropped): 677734378 (Hardware queue full)
RX-Errors (Bad)    : 0 (MAC mismatch, bad CRC, etc.)
RX-No-Mbuf         : 0 (Software ran out of memory)
TX-Packets (Good)  : 1001357789
TX-Errors          : 0
------------------------------

55.49 Mpps
Cycle per fwd packet: 116
====================================================
[2J[1;1H
Port statistics ====================================
Statistics for port 0 ------------------------------
Packets sent:               1111967232
Packets received:           1111967488
Packets forwarded:           1111967232
Packets dropped:                     0
Packets tx dropped:                     0
Average rx batch sz: 64
--- Port 0 Hardware Stats ---
RX-Packets (Good)  : 1057091611
RX-Missed (Dropped): 715283632 (Hardware queue full)
RX-Errors (Bad)    : 0 (MAC mismatch, bad CRC, etc.)
RX-No-Mbuf         : 0 (Software ran out of memory)
TX-Packets (Good)  : 1057091561
TX-Errors          : 0
------------------------------

55.73 Mpps
Cycle per fwd packet: 116
====================================================
[2J[1;1H
Port statistics ====================================
Statistics for port 0 ------------------------------
Packets sent:               1167732608
Packets received:           1167732864
Packets forwarded:           1167732608
Packets dropped:                     0
Packets tx dropped:                     0
Average rx batch sz: 64
--- Port 0 Hardware Stats ---
RX-Packets (Good)  : 1112857215
RX-Missed (Dropped): 752801066 (Hardware queue full)
RX-Errors (Bad)    : 0 (MAC mismatch, bad CRC, etc.)
RX-No-Mbuf         : 0 (Software ran out of memory)
TX-Packets (Good)  : 1112857045
TX-Errors          : 0
------------------------------

55.77 Mpps
Cycle per fwd packet: 116
====================================================
[2J[1;1H
Port statistics ====================================
Statistics for port 0 ------------------------------
Packets sent:               1223489280
Packets received:           1223489536
Packets forwarded:           1223489344
Packets dropped:                     0
Packets tx dropped:                     0
Average rx batch sz: 64
--- Port 0 Hardware Stats ---
RX-Packets (Good)  : 1168613732
RX-Missed (Dropped): 790327392 (Hardware queue full)
RX-Errors (Bad)    : 0 (MAC mismatch, bad CRC, etc.)
RX-No-Mbuf         : 0 (Software ran out of memory)
TX-Packets (Good)  : 1168613619
TX-Errors          : 0
------------------------------

55.76 Mpps
Cycle per fwd packet: 116
====================================================
[2J[1;1H
Port statistics ====================================
Statistics for port 0 ------------------------------
Packets sent:               1279238144
Packets received:           1279238400
Packets forwarded:           1279238144
Packets dropped:                     0
Packets tx dropped:                     0
Average rx batch sz: 64
--- Port 0 Hardware Stats ---
RX-Packets (Good)  : 1224365089
RX-Missed (Dropped): 827862819 (Hardware queue full)
RX-Errors (Bad)    : 0 (MAC mismatch, bad CRC, etc.)
RX-No-Mbuf         : 0 (Software ran out of memory)
TX-Packets (Good)  : 1224364858
TX-Errors          : 0
------------------------------

55.75 Mpps
Cycle per fwd packet: 116
====================================================
[2J[1;1H
Port statistics ====================================
Statistics for port 0 ------------------------------
Packets sent:               1334938560
Packets received:           1334938816
Packets forwarded:           1334938688
Packets dropped:                     0
Packets tx dropped:                     0
Average rx batch sz: 64
--- Port 0 Hardware Stats ---
RX-Packets (Good)  : 1280063049
RX-Missed (Dropped): 865443872 (Hardware queue full)
RX-Errors (Bad)    : 0 (MAC mismatch, bad CRC, etc.)
RX-No-Mbuf         : 0 (Software ran out of memory)
TX-Packets (Good)  : 1280063005
TX-Errors          : 0
------------------------------

55.70 Mpps
Cycle per fwd packet: 116
====================================================
[2J[1;1H
Port statistics ====================================
Statistics for port 0 ------------------------------
Packets sent:               1390735168
Packets received:           1390735424
Packets forwarded:           1390735168
Packets dropped:                     0
Packets tx dropped:                     0
Average rx batch sz: 64
--- Port 0 Hardware Stats ---
RX-Packets (Good)  : 1335859485
RX-Missed (Dropped): 902930319 (Hardware queue full)
RX-Errors (Bad)    : 0 (MAC mismatch, bad CRC, etc.)
RX-No-Mbuf         : 0 (Software ran out of memory)
TX-Packets (Good)  : 1335859506
TX-Errors          : 0
------------------------------

55.80 Mpps
Cycle per fwd packet: 116
====================================================
[2J[1;1H
Port statistics ====================================
Statistics for port 0 ------------------------------
Packets sent:               1446506048
Packets received:           1446506304
Packets forwarded:           1446506048
Packets dropped:                     0
Packets tx dropped:                     0
Average rx batch sz: 64
--- Port 0 Hardware Stats ---
RX-Packets (Good)  : 1391630584
RX-Missed (Dropped): 940442320 (Hardware queue full)
RX-Errors (Bad)    : 0 (MAC mismatch, bad CRC, etc.)
RX-No-Mbuf         : 0 (Software ran out of memory)
TX-Packets (Good)  : 1391630379
TX-Errors          : 0
------------------------------

55.77 Mpps
Cycle per fwd packet: 116
====================================================
[2J[1;1H
Port statistics ====================================
Statistics for port 0 ------------------------------
Packets sent:               1502201792
Packets received:           1502201984
Packets forwarded:           1502201792
Packets dropped:                     0
Packets tx dropped:                     0
Average rx batch sz: 64
--- Port 0 Hardware Stats ---
RX-Packets (Good)  : 1447326112
RX-Missed (Dropped): 978029615 (Hardware queue full)
RX-Errors (Bad)    : 0 (MAC mismatch, bad CRC, etc.)
RX-No-Mbuf         : 0 (Software ran out of memory)
TX-Packets (Good)  : 1447326129
TX-Errors          : 0
------------------------------

55.70 Mpps
Cycle per fwd packet: 116
====================================================
[2J[1;1H
Port statistics ====================================
Statistics for port 0 ------------------------------
Packets sent:               1557983488
Packets received:           1557983744
Packets forwarded:           1557983552
Packets dropped:                     0
Packets tx dropped:                     0
Average rx batch sz: 64
--- Port 0 Hardware Stats ---
RX-Packets (Good)  : 1503108084
RX-Missed (Dropped): 1015530732 (Hardware queue full)
RX-Errors (Bad)    : 0 (MAC mismatch, bad CRC, etc.)
RX-No-Mbuf         : 0 (Software ran out of memory)
TX-Packets (Good)  : 1503107839
TX-Errors          : 0
------------------------------

55.78 Mpps
Cycle per fwd packet: 116
====================================================
[2J[1;1H
Port statistics ====================================
Statistics for port 0 ------------------------------
Packets sent:               1613730752
Packets received:           1613731008
Packets forwarded:           1613730816
Packets dropped:                     0
Packets tx dropped:                     0
Average rx batch sz: 64
--- Port 0 Hardware Stats ---
RX-Packets (Good)  : 1558855431
RX-Missed (Dropped): 1053066326 (Hardware queue full)
RX-Errors (Bad)    : 0 (MAC mismatch, bad CRC, etc.)
RX-No-Mbuf         : 0 (Software ran out of memory)
TX-Packets (Good)  : 1558855261
TX-Errors          : 0
------------------------------

55.75 Mpps
Cycle per fwd packet: 116
====================================================
[2J[1;1H
Port statistics ====================================
Statistics for port 0 ------------------------------
Packets sent:               1669377024
Packets received:           1669377280
Packets forwarded:           1669377024
Packets dropped:                     0
Packets tx dropped:                     0
Average rx batch sz: 64
--- Port 0 Hardware Stats ---
RX-Packets (Good)  : 1614501506
RX-Missed (Dropped): 1090703058 (Hardware queue full)
RX-Errors (Bad)    : 0 (MAC mismatch, bad CRC, etc.)
RX-No-Mbuf         : 0 (Software ran out of memory)
TX-Packets (Good)  : 1614501469
TX-Errors          : 0
------------------------------

55.65 Mpps
Cycle per fwd packet: 116
====================================================
[2J[1;1H
Port statistics ====================================
Statistics for port 0 ------------------------------
Packets sent:               1725130432
Packets received:           1725130688
Packets forwarded:           1725130432
Packets dropped:                     0
Packets tx dropped:                     0
Average rx batch sz: 64
--- Port 0 Hardware Stats ---
RX-Packets (Good)  : 1670254995
RX-Missed (Dropped): 1128232572 (Hardware queue full)
RX-Errors (Bad)    : 0 (MAC mismatch, bad CRC, etc.)
RX-No-Mbuf         : 0 (Software ran out of memory)
TX-Packets (Good)  : 1670254870
TX-Errors          : 0
------------------------------

55.75 Mpps
Cycle per fwd packet: 116
====================================================
Minimum: 54.88
Maximum: 55.80
Average: 55.65
dramblast destroyed and memory cleaned up successfully.
Bye...
