EAL: Detected CPU lcores: 56
EAL: Detected NUMA nodes: 1
EAL: Detected shared linkage of DPDK
EAL: Selected IOVA mode 'VA'
EAL: 16 hugepages of size 1073741824 reserved, but no mounted hugetlbfs found for that size
EAL: VFIO support initialized
EAL: Using IOMMU type 1 (Type 1)
EAL: Probe PCI driver: net_ice (8086:1592) device: 0000:17:00.0 (socket 0)
ice_load_pkg_type(): Active package is: 1.3.26.0, ICE OS Default Package (single VLAN mode)
TELEMETRY: No legacy callbacks, legacy socket not created
ice_set_rx_function(): Using AVX2 OFFLOAD Vector Rx (port 0).
hashtable size 8.00 gb
Lcore 1 assigned to Port 0 Queue 0
backing: 1g (call-site default), 8.00 GiB mapped at 0x7ff240000000
dramblast initialized!
Port 0 Link UP - 100000 Mbps
Port 0 Physical MAC Address: 40:A6:B7:C2:DD:50
[2J[1;1H
Port statistics ====================================
Statistics for port 0 ------------------------------
Packets sent:                 14687424
Packets received:             14687424
Packets forwarded:             14687424
Packets dropped:                     0
Packets tx dropped:                     0
Average rx batch sz: 64
--- Port 0 Hardware Stats ---
RX-Packets (Good)  : 0
RX-Missed (Dropped): 0 (Hardware queue full)
RX-Errors (Bad)    : 0 (MAC mismatch, bad CRC, etc.)
RX-No-Mbuf         : 0 (Software ran out of memory)
TX-Packets (Good)  : 0
TX-Errors          : 0
------------------------------

14.69 Mpps
Cycle per fwd packet: 109
====================================================
[2J[1;1H
Port statistics ====================================
Statistics for port 0 ------------------------------
Packets sent:                 30450688
Packets received:             30450752
Packets forwarded:             30450688
Packets dropped:                     0
Packets tx dropped:                     0
Average rx batch sz: 64
--- Port 0 Hardware Stats ---
RX-Packets (Good)  : 15763347
RX-Missed (Dropped): 77519448 (Hardware queue full)
RX-Errors (Bad)    : 0 (MAC mismatch, bad CRC, etc.)
RX-No-Mbuf         : 0 (Software ran out of memory)
TX-Packets (Good)  : 15763257
TX-Errors          : 0
------------------------------

15.76 Mpps
Cycle per fwd packet: 104
====================================================
[2J[1;1H
Port statistics ====================================
Statistics for port 0 ------------------------------
Packets sent:                 46380416
Packets received:             46380480
Packets forwarded:             46380416
Packets dropped:                     0
Packets tx dropped:                     0
Average rx batch sz: 64
--- Port 0 Hardware Stats ---
RX-Packets (Good)  : 31693011
RX-Missed (Dropped): 154872614 (Hardware queue full)
RX-Errors (Bad)    : 0 (MAC mismatch, bad CRC, etc.)
RX-No-Mbuf         : 0 (Software ran out of memory)
TX-Packets (Good)  : 31692978
TX-Errors          : 0
------------------------------

15.93 Mpps
Cycle per fwd packet: 102
====================================================
[2J[1;1H
Port statistics ====================================
Statistics for port 0 ------------------------------
Packets sent:                 62297984
Packets received:             62298048
Packets forwarded:             62297984
Packets dropped:                     0
Packets tx dropped:                     0
Average rx batch sz: 64
--- Port 0 Hardware Stats ---
RX-Packets (Good)  : 47610546
RX-Missed (Dropped): 232237909 (Hardware queue full)
RX-Errors (Bad)    : 0 (MAC mismatch, bad CRC, etc.)
RX-No-Mbuf         : 0 (Software ran out of memory)
TX-Packets (Good)  : 47610546
TX-Errors          : 0
------------------------------

15.92 Mpps
Cycle per fwd packet: 101
====================================================
[2J[1;1H
Port statistics ====================================
Statistics for port 0 ------------------------------
Packets sent:                 78191424
Packets received:             78191488
Packets forwarded:             78191488
Packets dropped:                     0
Packets tx dropped:                     0
Average rx batch sz: 64
--- Port 0 Hardware Stats ---
RX-Packets (Good)  : 63504005
RX-Missed (Dropped): 309627386 (Hardware queue full)
RX-Errors (Bad)    : 0 (MAC mismatch, bad CRC, etc.)
RX-No-Mbuf         : 0 (Software ran out of memory)
TX-Packets (Good)  : 63504014
TX-Errors          : 0
------------------------------

15.89 Mpps
Cycle per fwd packet: 100
====================================================
[2J[1;1H
Port statistics ====================================
Statistics for port 0 ------------------------------
Packets sent:                 94189888
Packets received:             94189952
Packets forwarded:             94189888
Packets dropped:                     0
Packets tx dropped:                     0
Average rx batch sz: 64
--- Port 0 Hardware Stats ---
RX-Packets (Good)  : 79502444
RX-Missed (Dropped): 386911953 (Hardware queue full)
RX-Errors (Bad)    : 0 (MAC mismatch, bad CRC, etc.)
RX-No-Mbuf         : 0 (Software ran out of memory)
TX-Packets (Good)  : 79502450
TX-Errors          : 0
------------------------------

16.00 Mpps
Cycle per fwd packet: 100
====================================================
[2J[1;1H
Port statistics ====================================
Statistics for port 0 ------------------------------
Packets sent:                110125504
Packets received:            110125568
Packets forwarded:            110125504
Packets dropped:                     0
Packets tx dropped:                     0
Average rx batch sz: 64
--- Port 0 Hardware Stats ---
RX-Packets (Good)  : 95438053
RX-Missed (Dropped): 464259154 (Hardware queue full)
RX-Errors (Bad)    : 0 (MAC mismatch, bad CRC, etc.)
RX-No-Mbuf         : 0 (Software ran out of memory)
TX-Packets (Good)  : 95438066
TX-Errors          : 0
------------------------------

15.94 Mpps
Cycle per fwd packet: 100
====================================================
[2J[1;1H
Port statistics ====================================
Statistics for port 0 ------------------------------
Packets sent:                125972800
Packets received:            125972864
Packets forwarded:            125972800
Packets dropped:                     0
Packets tx dropped:                     0
Average rx batch sz: 64
--- Port 0 Hardware Stats ---
RX-Packets (Good)  : 111285352
RX-Missed (Dropped): 541694752 (Hardware queue full)
RX-Errors (Bad)    : 0 (MAC mismatch, bad CRC, etc.)
RX-No-Mbuf         : 0 (Software ran out of memory)
TX-Packets (Good)  : 111285342
TX-Errors          : 0
------------------------------

15.85 Mpps
Cycle per fwd packet: 99
====================================================
[2J[1;1H
Port statistics ====================================
Statistics for port 0 ------------------------------
Packets sent:                141815104
Packets received:            141815168
Packets forwarded:            141815104
Packets dropped:                     0
Packets tx dropped:                     0
Average rx batch sz: 64
--- Port 0 Hardware Stats ---
RX-Packets (Good)  : 127127689
RX-Missed (Dropped): 619135304 (Hardware queue full)
RX-Errors (Bad)    : 0 (MAC mismatch, bad CRC, etc.)
RX-No-Mbuf         : 0 (Software ran out of memory)
TX-Packets (Good)  : 127127666
TX-Errors          : 0
------------------------------

15.84 Mpps
Cycle per fwd packet: 99
====================================================
[2J[1;1H
Port statistics ====================================
Statistics for port 0 ------------------------------
Packets sent:                157680000
Packets received:            157680064
Packets forwarded:            157680000
Packets dropped:                     0
Packets tx dropped:                     0
Average rx batch sz: 64
--- Port 0 Hardware Stats ---
RX-Packets (Good)  : 142992564
RX-Missed (Dropped): 696553384 (Hardware queue full)
RX-Errors (Bad)    : 0 (MAC mismatch, bad CRC, etc.)
RX-No-Mbuf         : 0 (Software ran out of memory)
TX-Packets (Good)  : 142992562
TX-Errors          : 0
------------------------------

15.86 Mpps
Cycle per fwd packet: 99
====================================================
[2J[1;1H
Port statistics ====================================
Statistics for port 0 ------------------------------
Packets sent:                173547712
Packets received:            173547776
Packets forwarded:            173547776
Packets dropped:                     0
Packets tx dropped:                     0
Average rx batch sz: 64
--- Port 0 Hardware Stats ---
RX-Packets (Good)  : 158860327
RX-Missed (Dropped): 773968651 (Hardware queue full)
RX-Errors (Bad)    : 0 (MAC mismatch, bad CRC, etc.)
RX-No-Mbuf         : 0 (Software ran out of memory)
TX-Packets (Good)  : 158860297
TX-Errors          : 0
------------------------------

15.87 Mpps
Cycle per fwd packet: 99
====================================================
[2J[1;1H
Port statistics ====================================
Statistics for port 0 ------------------------------
Packets sent:                189444224
Packets received:            189444288
Packets forwarded:            189444224
Packets dropped:                     0
Packets tx dropped:                     0
Average rx batch sz: 64
--- Port 0 Hardware Stats ---
RX-Packets (Good)  : 174756781
RX-Missed (Dropped): 851358041 (Hardware queue full)
RX-Errors (Bad)    : 0 (MAC mismatch, bad CRC, etc.)
RX-No-Mbuf         : 0 (Software ran out of memory)
TX-Packets (Good)  : 174756786
TX-Errors          : 0
------------------------------

15.90 Mpps
Cycle per fwd packet: 99
====================================================
[2J[1;1H
Port statistics ====================================
Statistics for port 0 ------------------------------
Packets sent:                205351104
Packets received:            205351168
Packets forwarded:            205351104
Packets dropped:                     0
Packets tx dropped:                     0
Average rx batch sz: 64
--- Port 0 Hardware Stats ---
RX-Packets (Good)  : 190663699
RX-Missed (Dropped): 928731057 (Hardware queue full)
RX-Errors (Bad)    : 0 (MAC mismatch, bad CRC, etc.)
RX-No-Mbuf         : 0 (Software ran out of memory)
TX-Packets (Good)  : 190663666
TX-Errors          : 0
------------------------------

15.91 Mpps
Cycle per fwd packet: 99
====================================================
[2J[1;1H
Port statistics ====================================
Statistics for port 0 ------------------------------
Packets sent:                221299328
Packets received:            221299392
Packets forwarded:            221299328
Packets dropped:                     0
Packets tx dropped:                     0
Average rx batch sz: 64
--- Port 0 Hardware Stats ---
RX-Packets (Good)  : 206611887
RX-Missed (Dropped): 1006065862 (Hardware queue full)
RX-Errors (Bad)    : 0 (MAC mismatch, bad CRC, etc.)
RX-No-Mbuf         : 0 (Software ran out of memory)
TX-Packets (Good)  : 206611890
TX-Errors          : 0
------------------------------

15.95 Mpps
Cycle per fwd packet: 99
====================================================
[2J[1;1H
Port statistics ====================================
Statistics for port 0 ------------------------------
Packets sent:                237250624
Packets received:            237250688
Packets forwarded:            237250688
Packets dropped:                     0
Packets tx dropped:                     0
Average rx batch sz: 64
--- Port 0 Hardware Stats ---
RX-Packets (Good)  : 222563180
RX-Missed (Dropped): 1083397409 (Hardware queue full)
RX-Errors (Bad)    : 0 (MAC mismatch, bad CRC, etc.)
RX-No-Mbuf         : 0 (Software ran out of memory)
TX-Packets (Good)  : 222563186
TX-Errors          : 0
------------------------------

15.95 Mpps
Cycle per fwd packet: 99
====================================================
[2J[1;1H
Port statistics ====================================
Statistics for port 0 ------------------------------
Packets sent:                253168640
Packets received:            253168704
Packets forwarded:            253168640
Packets dropped:                     0
Packets tx dropped:                     0
Average rx batch sz: 64
--- Port 0 Hardware Stats ---
RX-Packets (Good)  : 238481207
RX-Missed (Dropped): 1160762352 (Hardware queue full)
RX-Errors (Bad)    : 0 (MAC mismatch, bad CRC, etc.)
RX-No-Mbuf         : 0 (Software ran out of memory)
TX-Packets (Good)  : 238481202
TX-Errors          : 0
------------------------------

15.92 Mpps
Cycle per fwd packet: 99
====================================================
[2J[1;1H
Port statistics ====================================
Statistics for port 0 ------------------------------
Packets sent:                269110592
Packets received:            269110656
Packets forwarded:            269110592
Packets dropped:                     0
Packets tx dropped:                     0
Average rx batch sz: 64
--- Port 0 Hardware Stats ---
RX-Packets (Good)  : 254423160
RX-Missed (Dropped): 1238103317 (Hardware queue full)
RX-Errors (Bad)    : 0 (MAC mismatch, bad CRC, etc.)
RX-No-Mbuf         : 0 (Software ran out of memory)
TX-Packets (Good)  : 254423154
TX-Errors          : 0
------------------------------

15.94 Mpps
Cycle per fwd packet: 99
====================================================
[2J[1;1H
Port statistics ====================================
Statistics for port 0 ------------------------------
Packets sent:                285143040
Packets received:            285143104
Packets forwarded:            285143040
Packets dropped:                     0
Packets tx dropped:                     0
Average rx batch sz: 64
--- Port 0 Hardware Stats ---
RX-Packets (Good)  : 270455642
RX-Missed (Dropped): 1315353716 (Hardware queue full)
RX-Errors (Bad)    : 0 (MAC mismatch, bad CRC, etc.)
RX-No-Mbuf         : 0 (Software ran out of memory)
TX-Packets (Good)  : 270455602
TX-Errors          : 0
------------------------------

16.03 Mpps
Cycle per fwd packet: 99
====================================================
[2J[1;1H
Port statistics ====================================
Statistics for port 0 ------------------------------
Packets sent:                301165376
Packets received:            301165440
Packets forwarded:            301165376
Packets dropped:                     0
Packets tx dropped:                     0
Average rx batch sz: 64
--- Port 0 Hardware Stats ---
RX-Packets (Good)  : 286477974
RX-Missed (Dropped): 1392614325 (Hardware queue full)
RX-Errors (Bad)    : 0 (MAC mismatch, bad CRC, etc.)
RX-No-Mbuf         : 0 (Software ran out of memory)
TX-Packets (Good)  : 286477938
TX-Errors          : 0
------------------------------

16.02 Mpps
Cycle per fwd packet: 99
====================================================
[2J[1;1H
Port statistics ====================================
Statistics for port 0 ------------------------------
Packets sent:                317081408
Packets received:            317081472
Packets forwarded:            317081408
Packets dropped:                     0
Packets tx dropped:                     0
Average rx batch sz: 64
--- Port 0 Hardware Stats ---
RX-Packets (Good)  : 302394011
RX-Missed (Dropped): 1469981227 (Hardware queue full)
RX-Errors (Bad)    : 0 (MAC mismatch, bad CRC, etc.)
RX-No-Mbuf         : 0 (Software ran out of memory)
TX-Packets (Good)  : 302393970
TX-Errors          : 0
------------------------------

15.92 Mpps
Cycle per fwd packet: 99
====================================================
[2J[1;1H
Port statistics ====================================
Statistics for port 0 ------------------------------
Packets sent:                333018368
Packets received:            333018432
Packets forwarded:            333018368
Packets dropped:                     0
Packets tx dropped:                     0
Average rx batch sz: 64
--- Port 0 Hardware Stats ---
RX-Packets (Good)  : 318330971
RX-Missed (Dropped): 1547327166 (Hardware queue full)
RX-Errors (Bad)    : 0 (MAC mismatch, bad CRC, etc.)
RX-No-Mbuf         : 0 (Software ran out of memory)
TX-Packets (Good)  : 318330930
TX-Errors          : 0
------------------------------

15.94 Mpps
Cycle per fwd packet: 98
====================================================
[2J[1;1H
Port statistics ====================================
Statistics for port 0 ------------------------------
Packets sent:                348977728
Packets received:            348977792
Packets forwarded:            348977728
Packets dropped:                     0
Packets tx dropped:                     0
Average rx batch sz: 64
--- Port 0 Hardware Stats ---
RX-Packets (Good)  : 334290330
RX-Missed (Dropped): 1624650774 (Hardware queue full)
RX-Errors (Bad)    : 0 (MAC mismatch, bad CRC, etc.)
RX-No-Mbuf         : 0 (Software ran out of memory)
TX-Packets (Good)  : 334290290
TX-Errors          : 0
------------------------------

15.96 Mpps
Cycle per fwd packet: 98
====================================================
[2J[1;1H
Port statistics ====================================
Statistics for port 0 ------------------------------
Packets sent:                364917952
Packets received:            364918016
Packets forwarded:            364917952
Packets dropped:                     0
Packets tx dropped:                     0
Average rx batch sz: 64
--- Port 0 Hardware Stats ---
RX-Packets (Good)  : 350230969
RX-Missed (Dropped): 1701995601 (Hardware queue full)
RX-Errors (Bad)    : 0 (MAC mismatch, bad CRC, etc.)
RX-No-Mbuf         : 0 (Software ran out of memory)
TX-Packets (Good)  : 350230962
TX-Errors          : 0
------------------------------

15.94 Mpps
Cycle per fwd packet: 98
====================================================
[2J[1;1H
Port statistics ====================================
Statistics for port 0 ------------------------------
Packets sent:                380856192
Packets received:            380856256
Packets forwarded:            380856192
Packets dropped:                     0
Packets tx dropped:                     0
Average rx batch sz: 64
--- Port 0 Hardware Stats ---
RX-Packets (Good)  : 366168778
RX-Missed (Dropped): 1779338168 (Hardware queue full)
RX-Errors (Bad)    : 0 (MAC mismatch, bad CRC, etc.)
RX-No-Mbuf         : 0 (Software ran out of memory)
TX-Packets (Good)  : 366168754
TX-Errors          : 0
------------------------------

15.94 Mpps
Cycle per fwd packet: 98
====================================================
[2J[1;1H
Port statistics ====================================
Statistics for port 0 ------------------------------
Packets sent:                396817856
Packets received:            396817920
Packets forwarded:            396817856
Packets dropped:                     0
Packets tx dropped:                     0
Average rx batch sz: 64
--- Port 0 Hardware Stats ---
RX-Packets (Good)  : 382130440
RX-Missed (Dropped): 1856659435 (Hardware queue full)
RX-Errors (Bad)    : 0 (MAC mismatch, bad CRC, etc.)
RX-No-Mbuf         : 0 (Software ran out of memory)
TX-Packets (Good)  : 382130418
TX-Errors          : 0
------------------------------

15.96 Mpps
Cycle per fwd packet: 98
====================================================
[2J[1;1H
Port statistics ====================================
Statistics for port 0 ------------------------------
Packets sent:                412752192
Packets received:            412752192
Packets forwarded:            412752192
Packets dropped:                     0
Packets tx dropped:                     0
Average rx batch sz: 64
--- Port 0 Hardware Stats ---
RX-Packets (Good)  : 398064691
RX-Missed (Dropped): 1934008122 (Hardware queue full)
RX-Errors (Bad)    : 0 (MAC mismatch, bad CRC, etc.)
RX-No-Mbuf         : 0 (Software ran out of memory)
TX-Packets (Good)  : 398064724
TX-Errors          : 0
------------------------------

15.93 Mpps
Cycle per fwd packet: 98
====================================================
[2J[1;1H
Port statistics ====================================
Statistics for port 0 ------------------------------
Packets sent:                428706048
Packets received:            428706112
Packets forwarded:            428706048
Packets dropped:                     0
Packets tx dropped:                     0
Average rx batch sz: 64
--- Port 0 Hardware Stats ---
RX-Packets (Good)  : 414018604
RX-Missed (Dropped): 2011337116 (Hardware queue full)
RX-Errors (Bad)    : 0 (MAC mismatch, bad CRC, etc.)
RX-No-Mbuf         : 0 (Software ran out of memory)
TX-Packets (Good)  : 414018610
TX-Errors          : 0
------------------------------

15.95 Mpps
Cycle per fwd packet: 98
====================================================
[2J[1;1H
Port statistics ====================================
Statistics for port 0 ------------------------------
Packets sent:                444645184
Packets received:            444645184
Packets forwarded:            444645184
Packets dropped:                     0
Packets tx dropped:                     0
Average rx batch sz: 64
--- Port 0 Hardware Stats ---
RX-Packets (Good)  : 429957788
RX-Missed (Dropped): 2088680858 (Hardware queue full)
RX-Errors (Bad)    : 0 (MAC mismatch, bad CRC, etc.)
RX-No-Mbuf         : 0 (Software ran out of memory)
TX-Packets (Good)  : 429957746
TX-Errors          : 0
------------------------------

15.94 Mpps
Cycle per fwd packet: 98
====================================================
[2J[1;1H
Port statistics ====================================
Statistics for port 0 ------------------------------
Packets sent:                460583616
Packets received:            460583680
Packets forwarded:            460583616
Packets dropped:                     0
Packets tx dropped:                     0
Average rx batch sz: 64
--- Port 0 Hardware Stats ---
RX-Packets (Good)  : 445896230
RX-Missed (Dropped): 2166025347 (Hardware queue full)
RX-Errors (Bad)    : 0 (MAC mismatch, bad CRC, etc.)
RX-No-Mbuf         : 0 (Software ran out of memory)
TX-Packets (Good)  : 445896178
TX-Errors          : 0
------------------------------

15.94 Mpps
Cycle per fwd packet: 98
====================================================
[2J[1;1H
Port statistics ====================================
Statistics for port 0 ------------------------------
Packets sent:                476520128
Packets received:            476520192
Packets forwarded:            476520128
Packets dropped:                     0
Packets tx dropped:                     0
Average rx batch sz: 64
--- Port 0 Hardware Stats ---
RX-Packets (Good)  : 461832754
RX-Missed (Dropped): 2243371789 (Hardware queue full)
RX-Errors (Bad)    : 0 (MAC mismatch, bad CRC, etc.)
RX-No-Mbuf         : 0 (Software ran out of memory)
TX-Packets (Good)  : 461832690
TX-Errors          : 0
------------------------------

15.94 Mpps
Cycle per fwd packet: 98
====================================================
[2J[1;1H
Port statistics ====================================
Statistics for port 0 ------------------------------
Packets sent:                492462464
Packets received:            492462528
Packets forwarded:            492462464
Packets dropped:                     0
Packets tx dropped:                     0
Average rx batch sz: 64
--- Port 0 Hardware Stats ---
RX-Packets (Good)  : 477775023
RX-Missed (Dropped): 2320712406 (Hardware queue full)
RX-Errors (Bad)    : 0 (MAC mismatch, bad CRC, etc.)
RX-No-Mbuf         : 0 (Software ran out of memory)
TX-Packets (Good)  : 477775026
TX-Errors          : 0
------------------------------

15.94 Mpps
Cycle per fwd packet: 98
====================================================
Minimum: 14.69
Maximum: 16.03
Average: 15.89
dramblast destroyed and memory cleaned up successfully.
Bye...
