EAL: Detected CPU lcores: 56
EAL: Detected NUMA nodes: 1
EAL: Detected shared linkage of DPDK
EAL: Selected IOVA mode 'VA'
EAL: 16 hugepages of size 1073741824 reserved, but no mounted hugetlbfs found for that size
EAL: VFIO support initialized
EAL: Using IOMMU type 1 (Type 1)
EAL: Probe PCI driver: net_ice (8086:1592) device: 0000:17:00.0 (socket 0)
ice_load_pkg_type(): Active package is: 1.3.26.0, ICE OS Default Package (single VLAN mode)
TELEMETRY: No legacy callbacks, legacy socket not created
ice_set_rx_function(): Using AVX2 OFFLOAD Vector Rx (port 0).
hashtable size 8.00 gb
Lcore 1 assigned to Port 0 Queue 0
backing: 1g (call-site default), 8.00 GiB mapped at 0x7fed00000000
dramblast initialized!
Port 0 Link UP - 100000 Mbps
Port 0 Physical MAC Address: 40:A6:B7:C2:DD:50
[2J[1;1H
Port statistics ====================================
Statistics for port 0 ------------------------------
Packets sent:                 14781888
Packets received:             14781952
Packets forwarded:             14781888
Packets dropped:                     0
Packets tx dropped:                     0
Average rx batch sz: 64
--- Port 0 Hardware Stats ---
RX-Packets (Good)  : 0
RX-Missed (Dropped): 0 (Hardware queue full)
RX-Errors (Bad)    : 0 (MAC mismatch, bad CRC, etc.)
RX-No-Mbuf         : 0 (Software ran out of memory)
TX-Packets (Good)  : 0
TX-Errors          : 0
------------------------------

14.78 Mpps
Cycle per fwd packet: 108
====================================================
[2J[1;1H
Port statistics ====================================
Statistics for port 0 ------------------------------
Packets sent:                 30702336
Packets received:             30702400
Packets forwarded:             30702336
Packets dropped:                     0
Packets tx dropped:                     0
Average rx batch sz: 64
--- Port 0 Hardware Stats ---
RX-Packets (Good)  : 15920473
RX-Missed (Dropped): 77362258 (Hardware queue full)
RX-Errors (Bad)    : 0 (MAC mismatch, bad CRC, etc.)
RX-No-Mbuf         : 0 (Software ran out of memory)
TX-Packets (Good)  : 15920384
TX-Errors          : 0
------------------------------

15.92 Mpps
Cycle per fwd packet: 103
====================================================
[2J[1;1H
Port statistics ====================================
Statistics for port 0 ------------------------------
Packets sent:                 46728320
Packets received:             46728384
Packets forwarded:             46728320
Packets dropped:                     0
Packets tx dropped:                     0
Average rx batch sz: 64
--- Port 0 Hardware Stats ---
RX-Packets (Good)  : 31946450
RX-Missed (Dropped): 154619057 (Hardware queue full)
RX-Errors (Bad)    : 0 (MAC mismatch, bad CRC, etc.)
RX-No-Mbuf         : 0 (Software ran out of memory)
TX-Packets (Good)  : 31946368
TX-Errors          : 0
------------------------------

16.03 Mpps
Cycle per fwd packet: 101
====================================================
[2J[1;1H
Port statistics ====================================
Statistics for port 0 ------------------------------
Packets sent:                 62681664
Packets received:             62681728
Packets forwarded:             62681664
Packets dropped:                     0
Packets tx dropped:                     0
Average rx batch sz: 64
--- Port 0 Hardware Stats ---
RX-Packets (Good)  : 47899755
RX-Missed (Dropped): 231948575 (Hardware queue full)
RX-Errors (Bad)    : 0 (MAC mismatch, bad CRC, etc.)
RX-No-Mbuf         : 0 (Software ran out of memory)
TX-Packets (Good)  : 47899712
TX-Errors          : 0
------------------------------

15.95 Mpps
Cycle per fwd packet: 100
====================================================
[2J[1;1H
Port statistics ====================================
Statistics for port 0 ------------------------------
Packets sent:                 78582784
Packets received:             78582848
Packets forwarded:             78582784
Packets dropped:                     0
Packets tx dropped:                     0
Average rx batch sz: 64
--- Port 0 Hardware Stats ---
RX-Packets (Good)  : 63800940
RX-Missed (Dropped): 309330361 (Hardware queue full)
RX-Errors (Bad)    : 0 (MAC mismatch, bad CRC, etc.)
RX-No-Mbuf         : 0 (Software ran out of memory)
TX-Packets (Good)  : 63800832
TX-Errors          : 0
------------------------------

15.90 Mpps
Cycle per fwd packet: 100
====================================================
[2J[1;1H
Port statistics ====================================
Statistics for port 0 ------------------------------
Packets sent:                 94508928
Packets received:             94508992
Packets forwarded:             94508992
Packets dropped:                     0
Packets tx dropped:                     0
Average rx batch sz: 64
--- Port 0 Hardware Stats ---
RX-Packets (Good)  : 79727029
RX-Missed (Dropped): 386687143 (Hardware queue full)
RX-Errors (Bad)    : 0 (MAC mismatch, bad CRC, etc.)
RX-No-Mbuf         : 0 (Software ran out of memory)
TX-Packets (Good)  : 79726989
TX-Errors          : 0
------------------------------

15.93 Mpps
Cycle per fwd packet: 99
====================================================
[2J[1;1H
Port statistics ====================================
Statistics for port 0 ------------------------------
Packets sent:                110404672
Packets received:            110404736
Packets forwarded:            110404672
Packets dropped:                     0
Packets tx dropped:                     0
Average rx batch sz: 64
--- Port 0 Hardware Stats ---
RX-Packets (Good)  : 95622768
RX-Missed (Dropped): 464074402 (Hardware queue full)
RX-Errors (Bad)    : 0 (MAC mismatch, bad CRC, etc.)
RX-No-Mbuf         : 0 (Software ran out of memory)
TX-Packets (Good)  : 95622731
TX-Errors          : 0
------------------------------

15.90 Mpps
Cycle per fwd packet: 99
====================================================
[2J[1;1H
Port statistics ====================================
Statistics for port 0 ------------------------------
Packets sent:                126407872
Packets received:            126407936
Packets forwarded:            126407872
Packets dropped:                     0
Packets tx dropped:                     0
Average rx batch sz: 64
--- Port 0 Hardware Stats ---
RX-Packets (Good)  : 111625960
RX-Missed (Dropped): 541354106 (Hardware queue full)
RX-Errors (Bad)    : 0 (MAC mismatch, bad CRC, etc.)
RX-No-Mbuf         : 0 (Software ran out of memory)
TX-Packets (Good)  : 111625920
TX-Errors          : 0
------------------------------

16.00 Mpps
Cycle per fwd packet: 99
====================================================
[2J[1;1H
Port statistics ====================================
Statistics for port 0 ------------------------------
Packets sent:                142270464
Packets received:            142270528
Packets forwarded:            142270464
Packets dropped:                     0
Packets tx dropped:                     0
Average rx batch sz: 64
--- Port 0 Hardware Stats ---
RX-Packets (Good)  : 127488544
RX-Missed (Dropped): 618774395 (Hardware queue full)
RX-Errors (Bad)    : 0 (MAC mismatch, bad CRC, etc.)
RX-No-Mbuf         : 0 (Software ran out of memory)
TX-Packets (Good)  : 127488512
TX-Errors          : 0
------------------------------

15.86 Mpps
Cycle per fwd packet: 99
====================================================
[2J[1;1H
Port statistics ====================================
Statistics for port 0 ------------------------------
Packets sent:                158156672
Packets received:            158156736
Packets forwarded:            158156672
Packets dropped:                     0
Packets tx dropped:                     0
Average rx batch sz: 64
--- Port 0 Hardware Stats ---
RX-Packets (Good)  : 143374784
RX-Missed (Dropped): 696171151 (Hardware queue full)
RX-Errors (Bad)    : 0 (MAC mismatch, bad CRC, etc.)
RX-No-Mbuf         : 0 (Software ran out of memory)
TX-Packets (Good)  : 143374720
TX-Errors          : 0
------------------------------

15.89 Mpps
Cycle per fwd packet: 99
====================================================
[2J[1;1H
Port statistics ====================================
Statistics for port 0 ------------------------------
Packets sent:                174003648
Packets received:            174003712
Packets forwarded:            174003648
Packets dropped:                     0
Packets tx dropped:                     0
Average rx batch sz: 64
--- Port 0 Hardware Stats ---
RX-Packets (Good)  : 159221817
RX-Missed (Dropped): 773606963 (Hardware queue full)
RX-Errors (Bad)    : 0 (MAC mismatch, bad CRC, etc.)
RX-No-Mbuf         : 0 (Software ran out of memory)
TX-Packets (Good)  : 159221696
TX-Errors          : 0
------------------------------

15.85 Mpps
Cycle per fwd packet: 99
====================================================
[2J[1;1H
Port statistics ====================================
Statistics for port 0 ------------------------------
Packets sent:                189899904
Packets received:            189899968
Packets forwarded:            189899904
Packets dropped:                     0
Packets tx dropped:                     0
Average rx batch sz: 64
--- Port 0 Hardware Stats ---
RX-Packets (Good)  : 175118028
RX-Missed (Dropped): 850996621 (Hardware queue full)
RX-Errors (Bad)    : 0 (MAC mismatch, bad CRC, etc.)
RX-No-Mbuf         : 0 (Software ran out of memory)
TX-Packets (Good)  : 175117952
TX-Errors          : 0
------------------------------

15.90 Mpps
Cycle per fwd packet: 99
====================================================
[2J[1;1H
Port statistics ====================================
Statistics for port 0 ------------------------------
Packets sent:                205778752
Packets received:            205778816
Packets forwarded:            205778752
Packets dropped:                     0
Packets tx dropped:                     0
Average rx batch sz: 64
--- Port 0 Hardware Stats ---
RX-Packets (Good)  : 190996851
RX-Missed (Dropped): 928397830 (Hardware queue full)
RX-Errors (Bad)    : 0 (MAC mismatch, bad CRC, etc.)
RX-No-Mbuf         : 0 (Software ran out of memory)
TX-Packets (Good)  : 190996800
TX-Errors          : 0
------------------------------

15.88 Mpps
Cycle per fwd packet: 99
====================================================
[2J[1;1H
Port statistics ====================================
Statistics for port 0 ------------------------------
Packets sent:                221695232
Packets received:            221695296
Packets forwarded:            221695232
Packets dropped:                     0
Packets tx dropped:                     0
Average rx batch sz: 64
--- Port 0 Hardware Stats ---
RX-Packets (Good)  : 206913322
RX-Missed (Dropped): 1005764256 (Hardware queue full)
RX-Errors (Bad)    : 0 (MAC mismatch, bad CRC, etc.)
RX-No-Mbuf         : 0 (Software ran out of memory)
TX-Packets (Good)  : 206913280
TX-Errors          : 0
------------------------------

15.92 Mpps
Cycle per fwd packet: 99
====================================================
[2J[1;1H
Port statistics ====================================
Statistics for port 0 ------------------------------
Packets sent:                237599936
Packets received:            237600000
Packets forwarded:            237599936
Packets dropped:                     0
Packets tx dropped:                     0
Average rx batch sz: 64
--- Port 0 Hardware Stats ---
RX-Packets (Good)  : 222818075
RX-Missed (Dropped): 1083142490 (Hardware queue full)
RX-Errors (Bad)    : 0 (MAC mismatch, bad CRC, etc.)
RX-No-Mbuf         : 0 (Software ran out of memory)
TX-Packets (Good)  : 222817984
TX-Errors          : 0
------------------------------

15.90 Mpps
Cycle per fwd packet: 99
====================================================
[2J[1;1H
Port statistics ====================================
Statistics for port 0 ------------------------------
Packets sent:                253483776
Packets received:            253483840
Packets forwarded:            253483776
Packets dropped:                     0
Packets tx dropped:                     0
Average rx batch sz: 64
--- Port 0 Hardware Stats ---
RX-Packets (Good)  : 238701866
RX-Missed (Dropped): 1160541589 (Hardware queue full)
RX-Errors (Bad)    : 0 (MAC mismatch, bad CRC, etc.)
RX-No-Mbuf         : 0 (Software ran out of memory)
TX-Packets (Good)  : 238701824
TX-Errors          : 0
------------------------------

15.88 Mpps
Cycle per fwd packet: 99
====================================================
[2J[1;1H
Port statistics ====================================
Statistics for port 0 ------------------------------
Packets sent:                269366016
Packets received:            269366080
Packets forwarded:            269366080
Packets dropped:                     0
Packets tx dropped:                     0
Average rx batch sz: 64
--- Port 0 Hardware Stats ---
RX-Packets (Good)  : 254584111
RX-Missed (Dropped): 1237942226 (Hardware queue full)
RX-Errors (Bad)    : 0 (MAC mismatch, bad CRC, etc.)
RX-No-Mbuf         : 0 (Software ran out of memory)
TX-Packets (Good)  : 254584070
TX-Errors          : 0
------------------------------

15.88 Mpps
Cycle per fwd packet: 99
====================================================
[2J[1;1H
Port statistics ====================================
Statistics for port 0 ------------------------------
Packets sent:                285254336
Packets received:            285254400
Packets forwarded:            285254336
Packets dropped:                     0
Packets tx dropped:                     0
Average rx batch sz: 64
--- Port 0 Hardware Stats ---
RX-Packets (Good)  : 270472391
RX-Missed (Dropped): 1315336845 (Hardware queue full)
RX-Errors (Bad)    : 0 (MAC mismatch, bad CRC, etc.)
RX-No-Mbuf         : 0 (Software ran out of memory)
TX-Packets (Good)  : 270472384
TX-Errors          : 0
------------------------------

15.89 Mpps
Cycle per fwd packet: 99
====================================================
[2J[1;1H
Port statistics ====================================
Statistics for port 0 ------------------------------
Packets sent:                301149184
Packets received:            301149248
Packets forwarded:            301149184
Packets dropped:                     0
Packets tx dropped:                     0
Average rx batch sz: 64
--- Port 0 Hardware Stats ---
RX-Packets (Good)  : 286367280
RX-Missed (Dropped): 1392724933 (Hardware queue full)
RX-Errors (Bad)    : 0 (MAC mismatch, bad CRC, etc.)
RX-No-Mbuf         : 0 (Software ran out of memory)
TX-Packets (Good)  : 286367232
TX-Errors          : 0
------------------------------

15.89 Mpps
Cycle per fwd packet: 99
====================================================
[2J[1;1H
Port statistics ====================================
Statistics for port 0 ------------------------------
Packets sent:                317038080
Packets received:            317038144
Packets forwarded:            317038080
Packets dropped:                     0
Packets tx dropped:                     0
Average rx batch sz: 64
--- Port 0 Hardware Stats ---
RX-Packets (Good)  : 302256217
RX-Missed (Dropped): 1470118899 (Hardware queue full)
RX-Errors (Bad)    : 0 (MAC mismatch, bad CRC, etc.)
RX-No-Mbuf         : 0 (Software ran out of memory)
TX-Packets (Good)  : 302256128
TX-Errors          : 0
------------------------------

15.89 Mpps
Cycle per fwd packet: 99
====================================================
[2J[1;1H
Port statistics ====================================
Statistics for port 0 ------------------------------
Packets sent:                332956288
Packets received:            332956352
Packets forwarded:            332956352
Packets dropped:                     0
Packets tx dropped:                     0
Average rx batch sz: 64
--- Port 0 Hardware Stats ---
RX-Packets (Good)  : 318174427
RX-Missed (Dropped): 1547483663 (Hardware queue full)
RX-Errors (Bad)    : 0 (MAC mismatch, bad CRC, etc.)
RX-No-Mbuf         : 0 (Software ran out of memory)
TX-Packets (Good)  : 318174355
TX-Errors          : 0
------------------------------

15.92 Mpps
Cycle per fwd packet: 99
====================================================
[2J[1;1H
Port statistics ====================================
Statistics for port 0 ------------------------------
Packets sent:                348831296
Packets received:            348831360
Packets forwarded:            348831296
Packets dropped:                     0
Packets tx dropped:                     0
Average rx batch sz: 64
--- Port 0 Hardware Stats ---
RX-Packets (Good)  : 334049389
RX-Missed (Dropped): 1624891590 (Hardware queue full)
RX-Errors (Bad)    : 0 (MAC mismatch, bad CRC, etc.)
RX-No-Mbuf         : 0 (Software ran out of memory)
TX-Packets (Good)  : 334049344
TX-Errors          : 0
------------------------------

15.87 Mpps
Cycle per fwd packet: 99
====================================================
[2J[1;1H
Port statistics ====================================
Statistics for port 0 ------------------------------
Packets sent:                364727488
Packets received:            364727552
Packets forwarded:            364727488
Packets dropped:                     0
Packets tx dropped:                     0
Average rx batch sz: 64
--- Port 0 Hardware Stats ---
RX-Packets (Good)  : 349946154
RX-Missed (Dropped): 1702281010 (Hardware queue full)
RX-Errors (Bad)    : 0 (MAC mismatch, bad CRC, etc.)
RX-No-Mbuf         : 0 (Software ran out of memory)
TX-Packets (Good)  : 349946112
TX-Errors          : 0
------------------------------

15.90 Mpps
Cycle per fwd packet: 98
====================================================
[2J[1;1H
Port statistics ====================================
Statistics for port 0 ------------------------------
Packets sent:                380628096
Packets received:            380628160
Packets forwarded:            380628096
Packets dropped:                     0
Packets tx dropped:                     0
Average rx batch sz: 64
--- Port 0 Hardware Stats ---
RX-Packets (Good)  : 365846193
RX-Missed (Dropped): 1779660637 (Hardware queue full)
RX-Errors (Bad)    : 0 (MAC mismatch, bad CRC, etc.)
RX-No-Mbuf         : 0 (Software ran out of memory)
TX-Packets (Good)  : 365846144
TX-Errors          : 0
------------------------------

15.90 Mpps
Cycle per fwd packet: 98
====================================================
[2J[1;1H
Port statistics ====================================
Statistics for port 0 ------------------------------
Packets sent:                396677760
Packets received:            396677824
Packets forwarded:            396677760
Packets dropped:                     0
Packets tx dropped:                     0
Average rx batch sz: 64
--- Port 0 Hardware Stats ---
RX-Packets (Good)  : 381895827
RX-Missed (Dropped): 1856893894 (Hardware queue full)
RX-Errors (Bad)    : 0 (MAC mismatch, bad CRC, etc.)
RX-No-Mbuf         : 0 (Software ran out of memory)
TX-Packets (Good)  : 381895808
TX-Errors          : 0
------------------------------

16.05 Mpps
Cycle per fwd packet: 98
====================================================
[2J[1;1H
Port statistics ====================================
Statistics for port 0 ------------------------------
Packets sent:                412664064
Packets received:            412664128
Packets forwarded:            412664064
Packets dropped:                     0
Packets tx dropped:                     0
Average rx batch sz: 64
--- Port 0 Hardware Stats ---
RX-Packets (Good)  : 397882152
RX-Missed (Dropped): 1934190542 (Hardware queue full)
RX-Errors (Bad)    : 0 (MAC mismatch, bad CRC, etc.)
RX-No-Mbuf         : 0 (Software ran out of memory)
TX-Packets (Good)  : 397882112
TX-Errors          : 0
------------------------------

15.99 Mpps
Cycle per fwd packet: 98
====================================================
[2J[1;1H
Port statistics ====================================
Statistics for port 0 ------------------------------
Packets sent:                428598592
Packets received:            428598656
Packets forwarded:            428598592
Packets dropped:                     0
Packets tx dropped:                     0
Average rx batch sz: 64
--- Port 0 Hardware Stats ---
RX-Packets (Good)  : 413816694
RX-Missed (Dropped): 2011538905 (Hardware queue full)
RX-Errors (Bad)    : 0 (MAC mismatch, bad CRC, etc.)
RX-No-Mbuf         : 0 (Software ran out of memory)
TX-Packets (Good)  : 413816640
TX-Errors          : 0
------------------------------

15.93 Mpps
Cycle per fwd packet: 98
====================================================
[2J[1;1H
Port statistics ====================================
Statistics for port 0 ------------------------------
Packets sent:                444507456
Packets received:            444507520
Packets forwarded:            444507456
Packets dropped:                     0
Packets tx dropped:                     0
Average rx batch sz: 64
--- Port 0 Hardware Stats ---
RX-Packets (Good)  : 429725547
RX-Missed (Dropped): 2088913029 (Hardware queue full)
RX-Errors (Bad)    : 0 (MAC mismatch, bad CRC, etc.)
RX-No-Mbuf         : 0 (Software ran out of memory)
TX-Packets (Good)  : 429725504
TX-Errors          : 0
------------------------------

15.91 Mpps
Cycle per fwd packet: 98
====================================================
[2J[1;1H
Port statistics ====================================
Statistics for port 0 ------------------------------
Packets sent:                460434048
Packets received:            460434112
Packets forwarded:            460434048
Packets dropped:                     0
Packets tx dropped:                     0
Average rx batch sz: 64
--- Port 0 Hardware Stats ---
RX-Packets (Good)  : 445652197
RX-Missed (Dropped): 2166269324 (Hardware queue full)
RX-Errors (Bad)    : 0 (MAC mismatch, bad CRC, etc.)
RX-No-Mbuf         : 0 (Software ran out of memory)
TX-Packets (Good)  : 445652096
TX-Errors          : 0
------------------------------

15.93 Mpps
Cycle per fwd packet: 98
====================================================
[2J[1;1H
Port statistics ====================================
Statistics for port 0 ------------------------------
Packets sent:                476322240
Packets received:            476322304
Packets forwarded:            476322240
Packets dropped:                     0
Packets tx dropped:                     0
Average rx batch sz: 64
--- Port 0 Hardware Stats ---
RX-Packets (Good)  : 461540318
RX-Missed (Dropped): 2243664043 (Hardware queue full)
RX-Errors (Bad)    : 0 (MAC mismatch, bad CRC, etc.)
RX-No-Mbuf         : 0 (Software ran out of memory)
TX-Packets (Good)  : 461540288
TX-Errors          : 0
------------------------------

15.89 Mpps
Cycle per fwd packet: 98
====================================================
[2J[1;1H
Port statistics ====================================
Statistics for port 0 ------------------------------
Packets sent:                492190016
Packets received:            492190080
Packets forwarded:            492190016
Packets dropped:                     0
Packets tx dropped:                     0
Average rx batch sz: 64
--- Port 0 Hardware Stats ---
RX-Packets (Good)  : 477408108
RX-Missed (Dropped): 2321079190 (Hardware queue full)
RX-Errors (Bad)    : 0 (MAC mismatch, bad CRC, etc.)
RX-No-Mbuf         : 0 (Software ran out of memory)
TX-Packets (Good)  : 477408064
TX-Errors          : 0
------------------------------

15.87 Mpps
Cycle per fwd packet: 98
====================================================
Minimum: 14.78
Maximum: 16.05
Average: 15.88
dramblast destroyed and memory cleaned up successfully.
Bye...
