EAL: Detected CPU lcores: 56
EAL: Detected NUMA nodes: 1
EAL: Detected shared linkage of DPDK
EAL: Selected IOVA mode 'VA'
EAL: 16 hugepages of size 1073741824 reserved, but no mounted hugetlbfs found for that size
EAL: VFIO support initialized
EAL: Using IOMMU type 1 (Type 1)
EAL: Probe PCI driver: net_ice (8086:1592) device: 0000:17:00.0 (socket 0)
ice_load_pkg_type(): Active package is: 1.3.26.0, ICE OS Default Package (single VLAN mode)
TELEMETRY: No legacy callbacks, legacy socket not created
ice_set_rx_function(): Using AVX2 OFFLOAD Vector Rx (port 0).
hashtable size 8.00 gb
Lcore 1 assigned to Port 0 Queue 0
Lcore 2 assigned to Port 0 Queue 1
Lcore 3 assigned to Port 0 Queue 2
Lcore 4 assigned to Port 0 Queue 3
Lcore 5 assigned to Port 0 Queue 4
Lcore 6 assigned to Port 0 Queue 5
Lcore 7 assigned to Port 0 Queue 6
Lcore 8 assigned to Port 0 Queue 7
backing: 1g (call-site default), 8.00 GiB mapped at 0x7fe080000000
dramblast initialized!
Port 0 Link UP - 100000 Mbps
Port 0 Physical MAC Address: 40:A6:B7:C2:DD:50
[2J[1;1H
Port statistics ====================================
Statistics for port 0 ------------------------------
Packets sent:                 93272878
Packets received:             93274308
Packets forwarded:             93274064
Packets dropped:                     0
Packets tx dropped:                  1186
Average rx batch sz: 23
--- Port 0 Hardware Stats ---
RX-Packets (Good)  : 0
RX-Missed (Dropped): 0 (Hardware queue full)
RX-Errors (Bad)    : 0 (MAC mismatch, bad CRC, etc.)
RX-No-Mbuf         : 0 (Software ran out of memory)
TX-Packets (Good)  : 0
TX-Errors          : 0
------------------------------

93.27 Mpps
Cycle per fwd packet: 134
====================================================
[2J[1;1H
Port statistics ====================================
Statistics for port 0 ------------------------------
Packets sent:                186554485
Packets received:            186557234
Packets forwarded:            186557068
Packets dropped:                     0
Packets tx dropped:                  2559
Average rx batch sz: 24
--- Port 0 Hardware Stats ---
RX-Packets (Good)  : 93282808
RX-Missed (Dropped): 0 (Hardware queue full)
RX-Errors (Bad)    : 0 (MAC mismatch, bad CRC, etc.)
RX-No-Mbuf         : 0 (Software ran out of memory)
TX-Packets (Good)  : 93281053
TX-Errors          : 0
------------------------------

93.28 Mpps
Cycle per fwd packet: 134
====================================================
[2J[1;1H
Port statistics ====================================
Statistics for port 0 ------------------------------
Packets sent:                279836753
Packets received:            279840194
Packets forwarded:            279840080
Packets dropped:                     0
Packets tx dropped:                  3227
Average rx batch sz: 24
--- Port 0 Hardware Stats ---
RX-Packets (Good)  : 186565736
RX-Missed (Dropped): 0 (Hardware queue full)
RX-Errors (Bad)    : 0 (MAC mismatch, bad CRC, etc.)
RX-No-Mbuf         : 0 (Software ran out of memory)
TX-Packets (Good)  : 186563835
TX-Errors          : 0
------------------------------

93.28 Mpps
Cycle per fwd packet: 134
====================================================
[2J[1;1H
Port statistics ====================================
Statistics for port 0 ------------------------------
Packets sent:                373109233
Packets received:            373116574
Packets forwarded:            373116424
Packets dropped:                     0
Packets tx dropped:                  7191
Average rx batch sz: 25
--- Port 0 Hardware Stats ---
RX-Packets (Good)  : 279841969
RX-Missed (Dropped): 6623 (Hardware queue full)
RX-Errors (Bad)    : 0 (MAC mismatch, bad CRC, etc.)
RX-No-Mbuf         : 0 (Software ran out of memory)
TX-Packets (Good)  : 279834839
TX-Errors          : 0
------------------------------

93.28 Mpps
Cycle per fwd packet: 134
====================================================
[2J[1;1H
Port statistics ====================================
Statistics for port 0 ------------------------------
Packets sent:                466385898
Packets received:            466397044
Packets forwarded:            466396872
Packets dropped:                     0
Packets tx dropped:                 10896
Average rx batch sz: 25
--- Port 0 Hardware Stats ---
RX-Packets (Good)  : 373122475
RX-Missed (Dropped): 9107 (Hardware queue full)
RX-Errors (Bad)    : 0 (MAC mismatch, bad CRC, etc.)
RX-No-Mbuf         : 0 (Software ran out of memory)
TX-Packets (Good)  : 373111572
TX-Errors          : 0
------------------------------

93.28 Mpps
Cycle per fwd packet: 134
====================================================
[2J[1;1H
Port statistics ====================================
Statistics for port 0 ------------------------------
Packets sent:                559656560
Packets received:            559671736
Packets forwarded:            559671648
Packets dropped:                     0
Packets tx dropped:                 15044
Average rx batch sz: 25
--- Port 0 Hardware Stats ---
RX-Packets (Good)  : 466397182
RX-Missed (Dropped): 17387 (Hardware queue full)
RX-Errors (Bad)    : 0 (MAC mismatch, bad CRC, etc.)
RX-No-Mbuf         : 0 (Software ran out of memory)
TX-Packets (Good)  : 466382423
TX-Errors          : 0
------------------------------

93.27 Mpps
Cycle per fwd packet: 134
====================================================
[2J[1;1H
Port statistics ====================================
Statistics for port 0 ------------------------------
Packets sent:                652932582
Packets received:            652952500
Packets forwarded:            652952334
Packets dropped:                     0
Packets tx dropped:                 19736
Average rx batch sz: 25
--- Port 0 Hardware Stats ---
RX-Packets (Good)  : 559677881
RX-Missed (Dropped): 19703 (Hardware queue full)
RX-Errors (Bad)    : 0 (MAC mismatch, bad CRC, etc.)
RX-No-Mbuf         : 0 (Software ran out of memory)
TX-Packets (Good)  : 559658385
TX-Errors          : 0
------------------------------

93.28 Mpps
Cycle per fwd packet: 134
====================================================
[2J[1;1H
Port statistics ====================================
Statistics for port 0 ------------------------------
Packets sent:                746214352
Packets received:            746235432
Packets forwarded:            746235276
Packets dropped:                     0
Packets tx dropped:                 20904
Average rx batch sz: 25
--- Port 0 Hardware Stats ---
RX-Packets (Good)  : 652960786
RX-Missed (Dropped): 19703 (Hardware queue full)
RX-Errors (Bad)    : 0 (MAC mismatch, bad CRC, etc.)
RX-No-Mbuf         : 0 (Software ran out of memory)
TX-Packets (Good)  : 652941086
TX-Errors          : 0
------------------------------

93.28 Mpps
Cycle per fwd packet: 134
====================================================
[2J[1;1H
Port statistics ====================================
Statistics for port 0 ------------------------------
Packets sent:                839495876
Packets received:            839518420
Packets forwarded:            839518200
Packets dropped:                     0
Packets tx dropped:                 22308
Average rx batch sz: 25
--- Port 0 Hardware Stats ---
RX-Packets (Good)  : 746243785
RX-Missed (Dropped): 19703 (Hardware queue full)
RX-Errors (Bad)    : 0 (MAC mismatch, bad CRC, etc.)
RX-No-Mbuf         : 0 (Software ran out of memory)
TX-Packets (Good)  : 746223899
TX-Errors          : 0
------------------------------

93.28 Mpps
Cycle per fwd packet: 134
====================================================
[2J[1;1H
Port statistics ====================================
Statistics for port 0 ------------------------------
Packets sent:                932778136
Packets received:            932801424
Packets forwarded:            932801224
Packets dropped:                     0
Packets tx dropped:                 23072
Average rx batch sz: 25
--- Port 0 Hardware Stats ---
RX-Packets (Good)  : 839526773
RX-Missed (Dropped): 19703 (Hardware queue full)
RX-Errors (Bad)    : 0 (MAC mismatch, bad CRC, etc.)
RX-No-Mbuf         : 0 (Software ran out of memory)
TX-Packets (Good)  : 839506384
TX-Errors          : 0
------------------------------

93.28 Mpps
Cycle per fwd packet: 134
====================================================
[2J[1;1H
Port statistics ====================================
Statistics for port 0 ------------------------------
Packets sent:               1026059668
Packets received:           1026084418
Packets forwarded:           1026084254
Packets dropped:                     0
Packets tx dropped:                 24564
Average rx batch sz: 25
--- Port 0 Hardware Stats ---
RX-Packets (Good)  : 932809743
RX-Missed (Dropped): 19703 (Hardware queue full)
RX-Errors (Bad)    : 0 (MAC mismatch, bad CRC, etc.)
RX-No-Mbuf         : 0 (Software ran out of memory)
TX-Packets (Good)  : 932789166
TX-Errors          : 0
------------------------------

93.28 Mpps
Cycle per fwd packet: 134
====================================================
[2J[1;1H
Port statistics ====================================
Statistics for port 0 ------------------------------
Packets sent:               1119342280
Packets received:           1119367370
Packets forwarded:           1119367164
Packets dropped:                     0
Packets tx dropped:                 24856
Average rx batch sz: 25
--- Port 0 Hardware Stats ---
RX-Packets (Good)  : 1026096750
RX-Missed (Dropped): 19703 (Hardware queue full)
RX-Errors (Bad)    : 0 (MAC mismatch, bad CRC, etc.)
RX-No-Mbuf         : 0 (Software ran out of memory)
TX-Packets (Good)  : 1026075320
TX-Errors          : 0
------------------------------

93.28 Mpps
Cycle per fwd packet: 134
====================================================
[2J[1;1H
Port statistics ====================================
Statistics for port 0 ------------------------------
Packets sent:               1212624252
Packets received:           1212650348
Packets forwarded:           1212650148
Packets dropped:                     0
Packets tx dropped:                 25852
Average rx batch sz: 25
--- Port 0 Hardware Stats ---
RX-Packets (Good)  : 1119375726
RX-Missed (Dropped): 19703 (Hardware queue full)
RX-Errors (Bad)    : 0 (MAC mismatch, bad CRC, etc.)
RX-No-Mbuf         : 0 (Software ran out of memory)
TX-Packets (Good)  : 1119353395
TX-Errors          : 0
------------------------------

93.28 Mpps
Cycle per fwd packet: 134
====================================================
[2J[1;1H
Port statistics ====================================
Statistics for port 0 ------------------------------
Packets sent:               1305907208
Packets received:           1305933340
Packets forwarded:           1305933132
Packets dropped:                     0
Packets tx dropped:                 25896
Average rx batch sz: 25
--- Port 0 Hardware Stats ---
RX-Packets (Good)  : 1212658724
RX-Missed (Dropped): 19703 (Hardware queue full)
RX-Errors (Bad)    : 0 (MAC mismatch, bad CRC, etc.)
RX-No-Mbuf         : 0 (Software ran out of memory)
TX-Packets (Good)  : 1212636034
TX-Errors          : 0
------------------------------

93.28 Mpps
Cycle per fwd packet: 134
====================================================
[2J[1;1H
Port statistics ====================================
Statistics for port 0 ------------------------------
Packets sent:               1399189788
Packets received:           1399216312
Packets forwarded:           1399216200
Packets dropped:                     0
Packets tx dropped:                 26412
Average rx batch sz: 25
--- Port 0 Hardware Stats ---
RX-Packets (Good)  : 1305941679
RX-Missed (Dropped): 19703 (Hardware queue full)
RX-Errors (Bad)    : 0 (MAC mismatch, bad CRC, etc.)
RX-No-Mbuf         : 0 (Software ran out of memory)
TX-Packets (Good)  : 1305918821
TX-Errors          : 0
------------------------------

93.28 Mpps
Cycle per fwd packet: 134
====================================================
[2J[1;1H
Port statistics ====================================
Statistics for port 0 ------------------------------
Packets sent:               1492444628
Packets received:           1492472960
Packets forwarded:           1492472892
Packets dropped:                     0
Packets tx dropped:                 28236
Average rx batch sz: 25
--- Port 0 Hardware Stats ---
RX-Packets (Good)  : 1399198388
RX-Missed (Dropped): 46008 (Hardware queue full)
RX-Errors (Bad)    : 0 (MAC mismatch, bad CRC, etc.)
RX-No-Mbuf         : 0 (Software ran out of memory)
TX-Packets (Good)  : 1399170832
TX-Errors          : 0
------------------------------

93.26 Mpps
Cycle per fwd packet: 134
====================================================
[2J[1;1H
Port statistics ====================================
Statistics for port 0 ------------------------------
Packets sent:               1585726376
Packets received:           1585755992
Packets forwarded:           1585755868
Packets dropped:                     0
Packets tx dropped:                 29452
Average rx batch sz: 25
--- Port 0 Hardware Stats ---
RX-Packets (Good)  : 1492481423
RX-Missed (Dropped): 46008 (Hardware queue full)
RX-Errors (Bad)    : 0 (MAC mismatch, bad CRC, etc.)
RX-No-Mbuf         : 0 (Software ran out of memory)
TX-Packets (Good)  : 1492452116
TX-Errors          : 0
------------------------------

93.28 Mpps
Cycle per fwd packet: 134
====================================================
[2J[1;1H
Port statistics ====================================
Statistics for port 0 ------------------------------
Packets sent:               1679008432
Packets received:           1679039000
Packets forwarded:           1679038788
Packets dropped:                     0
Packets tx dropped:                 30328
Average rx batch sz: 25
--- Port 0 Hardware Stats ---
RX-Packets (Good)  : 1585764376
RX-Missed (Dropped): 46008 (Hardware queue full)
RX-Errors (Bad)    : 0 (MAC mismatch, bad CRC, etc.)
RX-No-Mbuf         : 0 (Software ran out of memory)
TX-Packets (Good)  : 1585734899
TX-Errors          : 0
------------------------------

93.28 Mpps
Cycle per fwd packet: 134
====================================================
[2J[1;1H
Port statistics ====================================
Statistics for port 0 ------------------------------
Packets sent:               1772289368
Packets received:           1772321960
Packets forwarded:           1772321792
Packets dropped:                     0
Packets tx dropped:                 32384
Average rx batch sz: 25
--- Port 0 Hardware Stats ---
RX-Packets (Good)  : 1679047319
RX-Missed (Dropped): 46008 (Hardware queue full)
RX-Errors (Bad)    : 0 (MAC mismatch, bad CRC, etc.)
RX-No-Mbuf         : 0 (Software ran out of memory)
TX-Packets (Good)  : 1679016360
TX-Errors          : 0
------------------------------

93.28 Mpps
Cycle per fwd packet: 134
====================================================
[2J[1;1H
Port statistics ====================================
Statistics for port 0 ------------------------------
Packets sent:               1865543786
Packets received:           1865582386
Packets forwarded:           1865582222
Packets dropped:                     0
Packets tx dropped:                 38416
Average rx batch sz: 25
--- Port 0 Hardware Stats ---
RX-Packets (Good)  : 1772307734
RX-Missed (Dropped): 68570 (Hardware queue full)
RX-Errors (Bad)    : 0 (MAC mismatch, bad CRC, etc.)
RX-No-Mbuf         : 0 (Software ran out of memory)
TX-Packets (Good)  : 1772268068
TX-Errors          : 0
------------------------------

93.26 Mpps
Cycle per fwd packet: 134
====================================================
[2J[1;1H
Port statistics ====================================
Statistics for port 0 ------------------------------
Packets sent:               1958825016
Packets received:           1958865428
Packets forwarded:           1958865254
Packets dropped:                     0
Packets tx dropped:                 40238
Average rx batch sz: 25
--- Port 0 Hardware Stats ---
RX-Packets (Good)  : 1865590773
RX-Missed (Dropped): 68570 (Hardware queue full)
RX-Errors (Bad)    : 0 (MAC mismatch, bad CRC, etc.)
RX-No-Mbuf         : 0 (Software ran out of memory)
TX-Packets (Good)  : 1865550392
TX-Errors          : 0
------------------------------

93.28 Mpps
Cycle per fwd packet: 134
====================================================
[2J[1;1H
Port statistics ====================================
Statistics for port 0 ------------------------------
Packets sent:               2052107052
Packets received:           2052148336
Packets forwarded:           2052148188
Packets dropped:                     0
Packets tx dropped:                 41088
Average rx batch sz: 25
--- Port 0 Hardware Stats ---
RX-Packets (Good)  : 1958873725
RX-Missed (Dropped): 68570 (Hardware queue full)
RX-Errors (Bad)    : 0 (MAC mismatch, bad CRC, etc.)
RX-No-Mbuf         : 0 (Software ran out of memory)
TX-Packets (Good)  : 1958832873
TX-Errors          : 0
------------------------------

93.28 Mpps
Cycle per fwd packet: 134
====================================================
[2J[1;1H
Port statistics ====================================
Statistics for port 0 ------------------------------
Packets sent:               2145387912
Packets received:           2145431346
Packets forwarded:           2145431146
Packets dropped:                     0
Packets tx dropped:                 43200
Average rx batch sz: 25
--- Port 0 Hardware Stats ---
RX-Packets (Good)  : 2052160279
RX-Missed (Dropped): 68570 (Hardware queue full)
RX-Errors (Bad)    : 0 (MAC mismatch, bad CRC, etc.)
RX-No-Mbuf         : 0 (Software ran out of memory)
TX-Packets (Good)  : 2052117113
TX-Errors          : 0
------------------------------

93.28 Mpps
Cycle per fwd packet: 134
====================================================
[2J[1;1H
Port statistics ====================================
Statistics for port 0 ------------------------------
Packets sent:               2238662520
Packets received:           2238709772
Packets forwarded:           2238709640
Packets dropped:                     0
Packets tx dropped:                 47056
Average rx batch sz: 25
--- Port 0 Hardware Stats ---
RX-Packets (Good)  : 2145435155
RX-Missed (Dropped): 73145 (Hardware queue full)
RX-Errors (Bad)    : 0 (MAC mismatch, bad CRC, etc.)
RX-No-Mbuf         : 0 (Software ran out of memory)
TX-Packets (Good)  : 2145388163
TX-Errors          : 0
------------------------------

93.28 Mpps
Cycle per fwd packet: 134
====================================================
[2J[1;1H
Port statistics ====================================
Statistics for port 0 ------------------------------
Packets sent:               2331944700
Packets received:           2331992692
Packets forwarded:           2331992540
Packets dropped:                     0
Packets tx dropped:                 47840
Average rx batch sz: 25
--- Port 0 Hardware Stats ---
RX-Packets (Good)  : 2238718110
RX-Missed (Dropped): 73145 (Hardware queue full)
RX-Errors (Bad)    : 0 (MAC mismatch, bad CRC, etc.)
RX-No-Mbuf         : 0 (Software ran out of memory)
TX-Packets (Good)  : 2238670979
TX-Errors          : 0
------------------------------

93.28 Mpps
Cycle per fwd packet: 134
====================================================
[2J[1;1H
Port statistics ====================================
Statistics for port 0 ------------------------------
Packets sent:               2425226818
Packets received:           2425275712
Packets forwarded:           2425275538
Packets dropped:                     0
Packets tx dropped:                 48700
Average rx batch sz: 26
--- Port 0 Hardware Stats ---
RX-Packets (Good)  : 2332001075
RX-Missed (Dropped): 73145 (Hardware queue full)
RX-Errors (Bad)    : 0 (MAC mismatch, bad CRC, etc.)
RX-No-Mbuf         : 0 (Software ran out of memory)
TX-Packets (Good)  : 2331953766
TX-Errors          : 0
------------------------------

93.28 Mpps
Cycle per fwd packet: 134
====================================================
[2J[1;1H
Port statistics ====================================
Statistics for port 0 ------------------------------
Packets sent:               2518509212
Packets received:           2518558656
Packets forwarded:           2518558504
Packets dropped:                     0
Packets tx dropped:                 49272
Average rx batch sz: 25
--- Port 0 Hardware Stats ---
RX-Packets (Good)  : 2425284051
RX-Missed (Dropped): 73145 (Hardware queue full)
RX-Errors (Bad)    : 0 (MAC mismatch, bad CRC, etc.)
RX-No-Mbuf         : 0 (Software ran out of memory)
TX-Packets (Good)  : 2425236548
TX-Errors          : 0
------------------------------

93.28 Mpps
Cycle per fwd packet: 134
====================================================
[2J[1;1H
Port statistics ====================================
Statistics for port 0 ------------------------------
Packets sent:               2611791494
Packets received:           2611841692
Packets forwarded:           2611841562
Packets dropped:                     0
Packets tx dropped:                 50044
Average rx batch sz: 26
--- Port 0 Hardware Stats ---
RX-Packets (Good)  : 2518567077
RX-Missed (Dropped): 73145 (Hardware queue full)
RX-Errors (Bad)    : 0 (MAC mismatch, bad CRC, etc.)
RX-No-Mbuf         : 0 (Software ran out of memory)
TX-Packets (Good)  : 2518519373
TX-Errors          : 0
------------------------------

93.28 Mpps
Cycle per fwd packet: 135
====================================================
[2J[1;1H
Port statistics ====================================
Statistics for port 0 ------------------------------
Packets sent:               2705073816
Packets received:           2705124672
Packets forwarded:           2705124496
Packets dropped:                     0
Packets tx dropped:                 50680
Average rx batch sz: 26
--- Port 0 Hardware Stats ---
RX-Packets (Good)  : 2611850082
RX-Missed (Dropped): 73145 (Hardware queue full)
RX-Errors (Bad)    : 0 (MAC mismatch, bad CRC, etc.)
RX-No-Mbuf         : 0 (Software ran out of memory)
TX-Packets (Good)  : 2611802173
TX-Errors          : 0
------------------------------

93.28 Mpps
Cycle per fwd packet: 135
====================================================
[2J[1;1H
Port statistics ====================================
Statistics for port 0 ------------------------------
Packets sent:               2798356218
Packets received:           2798407688
Packets forwarded:           2798407562
Packets dropped:                     0
Packets tx dropped:                 51344
Average rx batch sz: 26
--- Port 0 Hardware Stats ---
RX-Packets (Good)  : 2705133077
RX-Missed (Dropped): 73145 (Hardware queue full)
RX-Errors (Bad)    : 0 (MAC mismatch, bad CRC, etc.)
RX-No-Mbuf         : 0 (Software ran out of memory)
TX-Packets (Good)  : 2705084983
TX-Errors          : 0
------------------------------

93.28 Mpps
Cycle per fwd packet: 135
====================================================
[2J[1;1H
Port statistics ====================================
Statistics for port 0 ------------------------------
Packets sent:               2891638962
Packets received:           2891690668
Packets forwarded:           2891690540
Packets dropped:                     0
Packets tx dropped:                 51540
Average rx batch sz: 26
--- Port 0 Hardware Stats ---
RX-Packets (Good)  : 2798416081
RX-Missed (Dropped): 73145 (Hardware queue full)
RX-Errors (Bad)    : 0 (MAC mismatch, bad CRC, etc.)
RX-No-Mbuf         : 0 (Software ran out of memory)
TX-Packets (Good)  : 2798367793
TX-Errors          : 0
------------------------------

93.28 Mpps
Cycle per fwd packet: 135
====================================================
Minimum: 93.26
Maximum: 93.28
Average: 93.28
dramblast destroyed and memory cleaned up successfully.
Bye...
