EAL: Detected CPU lcores: 56
EAL: Detected NUMA nodes: 1
EAL: Detected shared linkage of DPDK
EAL: Selected IOVA mode 'VA'
EAL: 16 hugepages of size 1073741824 reserved, but no mounted hugetlbfs found for that size
EAL: VFIO support initialized
EAL: Using IOMMU type 1 (Type 1)
EAL: Probe PCI driver: net_ice (8086:1592) device: 0000:17:00.0 (socket 0)
ice_load_pkg_type(): Active package is: 1.3.26.0, ICE OS Default Package (single VLAN mode)
TELEMETRY: No legacy callbacks, legacy socket not created
ice_set_rx_function(): Using AVX2 OFFLOAD Vector Rx (port 0).
hashtable size 8.00 gb
Lcore 1 assigned to Port 0 Queue 0
Lcore 2 assigned to Port 0 Queue 1
Lcore 3 assigned to Port 0 Queue 2
Lcore 4 assigned to Port 0 Queue 3
Lcore 5 assigned to Port 0 Queue 4
Lcore 6 assigned to Port 0 Queue 5
Lcore 7 assigned to Port 0 Queue 6
Lcore 8 assigned to Port 0 Queue 7
backing: 1g (call-site default), 8.00 GiB mapped at 0x7f9a40000000
dramblast initialized!
Port 0 Link UP - 100000 Mbps
Port 0 Physical MAC Address: 40:A6:B7:C2:DD:50
[2J[1;1H
Port statistics ====================================
Statistics for port 0 ------------------------------
Packets sent:                 93267400
Packets received:             93268884
Packets forwarded:             93268708
Packets dropped:                     0
Packets tx dropped:                  1272
Average rx batch sz: 22
--- Port 0 Hardware Stats ---
RX-Packets (Good)  : 0
RX-Missed (Dropped): 0 (Hardware queue full)
RX-Errors (Bad)    : 0 (MAC mismatch, bad CRC, etc.)
RX-No-Mbuf         : 0 (Software ran out of memory)
TX-Packets (Good)  : 0
TX-Errors          : 0
------------------------------

93.27 Mpps
Cycle per fwd packet: 133
====================================================
[2J[1;1H
Port statistics ====================================
Statistics for port 0 ------------------------------
Packets sent:                186549312
Packets received:            186551844
Packets forwarded:            186551704
Packets dropped:                     0
Packets tx dropped:                  2372
Average rx batch sz: 21
--- Port 0 Hardware Stats ---
RX-Packets (Good)  : 93282810
RX-Missed (Dropped): 0 (Hardware queue full)
RX-Errors (Bad)    : 0 (MAC mismatch, bad CRC, etc.)
RX-No-Mbuf         : 0 (Software ran out of memory)
TX-Packets (Good)  : 93282555
TX-Errors          : 0
------------------------------

93.28 Mpps
Cycle per fwd packet: 133
====================================================
[2J[1;1H
Port statistics ====================================
Statistics for port 0 ------------------------------
Packets sent:                279831171
Packets received:            279834838
Packets forwarded:            279834704
Packets dropped:                     0
Packets tx dropped:                  3517
Average rx batch sz: 21
--- Port 0 Hardware Stats ---
RX-Packets (Good)  : 186565666
RX-Missed (Dropped): 0 (Hardware queue full)
RX-Errors (Bad)    : 0 (MAC mismatch, bad CRC, etc.)
RX-No-Mbuf         : 0 (Software ran out of memory)
TX-Packets (Good)  : 186564428
TX-Errors          : 0
------------------------------

93.28 Mpps
Cycle per fwd packet: 133
====================================================
[2J[1;1H
Port statistics ====================================
Statistics for port 0 ------------------------------
Packets sent:                373112987
Packets received:            373117820
Packets forwarded:            373117632
Packets dropped:                     0
Packets tx dropped:                  4645
Average rx batch sz: 21
--- Port 0 Hardware Stats ---
RX-Packets (Good)  : 279848588
RX-Missed (Dropped): 0 (Hardware queue full)
RX-Errors (Bad)    : 0 (MAC mismatch, bad CRC, etc.)
RX-No-Mbuf         : 0 (Software ran out of memory)
TX-Packets (Good)  : 279846789
TX-Errors          : 0
------------------------------

93.28 Mpps
Cycle per fwd packet: 133
====================================================
[2J[1;1H
Port statistics ====================================
Statistics for port 0 ------------------------------
Packets sent:                466395243
Packets received:            466400794
Packets forwarded:            466400628
Packets dropped:                     0
Packets tx dropped:                  5385
Average rx batch sz: 22
--- Port 0 Hardware Stats ---
RX-Packets (Good)  : 373131626
RX-Missed (Dropped): 0 (Hardware queue full)
RX-Errors (Bad)    : 0 (MAC mismatch, bad CRC, etc.)
RX-No-Mbuf         : 0 (Software ran out of memory)
TX-Packets (Good)  : 373129029
TX-Errors          : 0
------------------------------

93.28 Mpps
Cycle per fwd packet: 133
====================================================
[2J[1;1H
Port statistics ====================================
Statistics for port 0 ------------------------------
Packets sent:                559676781
Packets received:            559683828
Packets forwarded:            559683640
Packets dropped:                     0
Packets tx dropped:                  6835
Average rx batch sz: 23
--- Port 0 Hardware Stats ---
RX-Packets (Good)  : 466414556
RX-Missed (Dropped): 0 (Hardware queue full)
RX-Errors (Bad)    : 0 (MAC mismatch, bad CRC, etc.)
RX-No-Mbuf         : 0 (Software ran out of memory)
TX-Packets (Good)  : 466411818
TX-Errors          : 0
------------------------------

93.28 Mpps
Cycle per fwd packet: 133
====================================================
[2J[1;1H
Port statistics ====================================
Statistics for port 0 ------------------------------
Packets sent:                652959519
Packets received:            652966756
Packets forwarded:            652966560
Packets dropped:                     0
Packets tx dropped:                  7009
Average rx batch sz: 23
--- Port 0 Hardware Stats ---
RX-Packets (Good)  : 559697549
RX-Missed (Dropped): 0 (Hardware queue full)
RX-Errors (Bad)    : 0 (MAC mismatch, bad CRC, etc.)
RX-No-Mbuf         : 0 (Software ran out of memory)
TX-Packets (Good)  : 559694579
TX-Errors          : 0
------------------------------

93.28 Mpps
Cycle per fwd packet: 133
====================================================
[2J[1;1H
Port statistics ====================================
Statistics for port 0 ------------------------------
Packets sent:                746242253
Packets received:            746249768
Packets forwarded:            746249578
Packets dropped:                     0
Packets tx dropped:                  7325
Average rx batch sz: 23
--- Port 0 Hardware Stats ---
RX-Packets (Good)  : 652980517
RX-Missed (Dropped): 0 (Hardware queue full)
RX-Errors (Bad)    : 0 (MAC mismatch, bad CRC, etc.)
RX-No-Mbuf         : 0 (Software ran out of memory)
TX-Packets (Good)  : 652977371
TX-Errors          : 0
------------------------------

93.28 Mpps
Cycle per fwd packet: 133
====================================================
[2J[1;1H
Port statistics ====================================
Statistics for port 0 ------------------------------
Packets sent:                839525129
Packets received:            839532732
Packets forwarded:            839532656
Packets dropped:                     0
Packets tx dropped:                  7409
Average rx batch sz: 23
--- Port 0 Hardware Stats ---
RX-Packets (Good)  : 746263519
RX-Missed (Dropped): 0 (Hardware queue full)
RX-Errors (Bad)    : 0 (MAC mismatch, bad CRC, etc.)
RX-No-Mbuf         : 0 (Software ran out of memory)
TX-Packets (Good)  : 746259438
TX-Errors          : 0
------------------------------

93.28 Mpps
Cycle per fwd packet: 133
====================================================
[2J[1;1H
Port statistics ====================================
Statistics for port 0 ------------------------------
Packets sent:                932807571
Packets received:            932815780
Packets forwarded:            932815612
Packets dropped:                     0
Packets tx dropped:                  8041
Average rx batch sz: 23
--- Port 0 Hardware Stats ---
RX-Packets (Good)  : 839546508
RX-Missed (Dropped): 0 (Hardware queue full)
RX-Errors (Bad)    : 0 (MAC mismatch, bad CRC, etc.)
RX-No-Mbuf         : 0 (Software ran out of memory)
TX-Packets (Good)  : 839542219
TX-Errors          : 0
------------------------------

93.28 Mpps
Cycle per fwd packet: 133
====================================================
[2J[1;1H
Port statistics ====================================
Statistics for port 0 ------------------------------
Packets sent:               1026090143
Packets received:           1026098746
Packets forwarded:           1026098582
Packets dropped:                     0
Packets tx dropped:                  8393
Average rx batch sz: 23
--- Port 0 Hardware Stats ---
RX-Packets (Good)  : 932829530
RX-Missed (Dropped): 0 (Hardware queue full)
RX-Errors (Bad)    : 0 (MAC mismatch, bad CRC, etc.)
RX-No-Mbuf         : 0 (Software ran out of memory)
TX-Packets (Good)  : 932824085
TX-Errors          : 0
------------------------------

93.28 Mpps
Cycle per fwd packet: 133
====================================================
[2J[1;1H
Port statistics ====================================
Statistics for port 0 ------------------------------
Packets sent:               1119372601
Packets received:           1119381704
Packets forwarded:           1119381576
Packets dropped:                     0
Packets tx dropped:                  8975
Average rx batch sz: 23
--- Port 0 Hardware Stats ---
RX-Packets (Good)  : 1026116130
RX-Missed (Dropped): 0 (Hardware queue full)
RX-Errors (Bad)    : 0 (MAC mismatch, bad CRC, etc.)
RX-No-Mbuf         : 0 (Software ran out of memory)
TX-Packets (Good)  : 1026109704
TX-Errors          : 0
------------------------------

93.28 Mpps
Cycle per fwd packet: 133
====================================================
[2J[1;1H
Port statistics ====================================
Statistics for port 0 ------------------------------
Packets sent:               1212653921
Packets received:           1212664700
Packets forwarded:           1212664582
Packets dropped:                     0
Packets tx dropped:                 10661
Average rx batch sz: 23
--- Port 0 Hardware Stats ---
RX-Packets (Good)  : 1119395485
RX-Missed (Dropped): 0 (Hardware queue full)
RX-Errors (Bad)    : 0 (MAC mismatch, bad CRC, etc.)
RX-No-Mbuf         : 0 (Software ran out of memory)
TX-Packets (Good)  : 1119388846
TX-Errors          : 0
------------------------------

93.28 Mpps
Cycle per fwd packet: 133
====================================================
[2J[1;1H
Port statistics ====================================
Statistics for port 0 ------------------------------
Packets sent:               1305936525
Packets received:           1305947726
Packets forwarded:           1305947562
Packets dropped:                     0
Packets tx dropped:                 11013
Average rx batch sz: 23
--- Port 0 Hardware Stats ---
RX-Packets (Good)  : 1212678505
RX-Missed (Dropped): 0 (Hardware queue full)
RX-Errors (Bad)    : 0 (MAC mismatch, bad CRC, etc.)
RX-No-Mbuf         : 0 (Software ran out of memory)
TX-Packets (Good)  : 1212671665
TX-Errors          : 0
------------------------------

93.28 Mpps
Cycle per fwd packet: 133
====================================================
[2J[1;1H
Port statistics ====================================
Statistics for port 0 ------------------------------
Packets sent:               1399218635
Packets received:           1399230728
Packets forwarded:           1399230584
Packets dropped:                     0
Packets tx dropped:                 11949
Average rx batch sz: 23
--- Port 0 Hardware Stats ---
RX-Packets (Good)  : 1305961460
RX-Missed (Dropped): 0 (Hardware queue full)
RX-Errors (Bad)    : 0 (MAC mismatch, bad CRC, etc.)
RX-No-Mbuf         : 0 (Software ran out of memory)
TX-Packets (Good)  : 1305954452
TX-Errors          : 0
------------------------------

93.28 Mpps
Cycle per fwd packet: 133
====================================================
[2J[1;1H
Port statistics ====================================
Statistics for port 0 ------------------------------
Packets sent:               1492501123
Packets received:           1492513720
Packets forwarded:           1492513512
Packets dropped:                     0
Packets tx dropped:                 12389
Average rx batch sz: 23
--- Port 0 Hardware Stats ---
RX-Packets (Good)  : 1399244489
RX-Missed (Dropped): 0 (Hardware queue full)
RX-Errors (Bad)    : 0 (MAC mismatch, bad CRC, etc.)
RX-No-Mbuf         : 0 (Software ran out of memory)
TX-Packets (Good)  : 1399237273
TX-Errors          : 0
------------------------------

93.28 Mpps
Cycle per fwd packet: 133
====================================================
[2J[1;1H
Port statistics ====================================
Statistics for port 0 ------------------------------
Packets sent:               1585773729
Packets received:           1585788924
Packets forwarded:           1585788800
Packets dropped:                     0
Packets tx dropped:                 14999
Average rx batch sz: 23
--- Port 0 Hardware Stats ---
RX-Packets (Good)  : 1492519739
RX-Missed (Dropped): 7710 (Hardware queue full)
RX-Errors (Bad)    : 0 (MAC mismatch, bad CRC, etc.)
RX-No-Mbuf         : 0 (Software ran out of memory)
TX-Packets (Good)  : 1492508580
TX-Errors          : 0
------------------------------

93.28 Mpps
Cycle per fwd packet: 133
====================================================
[2J[1;1H
Port statistics ====================================
Statistics for port 0 ------------------------------
Packets sent:               1679056237
Packets received:           1679071988
Packets forwarded:           1679071832
Packets dropped:                     0
Packets tx dropped:                 15567
Average rx batch sz: 23
--- Port 0 Hardware Stats ---
RX-Packets (Good)  : 1585802737
RX-Missed (Dropped): 7710 (Hardware queue full)
RX-Errors (Bad)    : 0 (MAC mismatch, bad CRC, etc.)
RX-No-Mbuf         : 0 (Software ran out of memory)
TX-Packets (Good)  : 1585790155
TX-Errors          : 0
------------------------------

93.28 Mpps
Cycle per fwd packet: 133
====================================================
[2J[1;1H
Port statistics ====================================
Statistics for port 0 ------------------------------
Packets sent:               1772338107
Packets received:           1772354928
Packets forwarded:           1772354836
Packets dropped:                     0
Packets tx dropped:                 16671
Average rx batch sz: 23
--- Port 0 Hardware Stats ---
RX-Packets (Good)  : 1679085733
RX-Missed (Dropped): 7710 (Hardware queue full)
RX-Errors (Bad)    : 0 (MAC mismatch, bad CRC, etc.)
RX-No-Mbuf         : 0 (Software ran out of memory)
TX-Packets (Good)  : 1679072965
TX-Errors          : 0
------------------------------

93.28 Mpps
Cycle per fwd packet: 133
====================================================
[2J[1;1H
Port statistics ====================================
Statistics for port 0 ------------------------------
Packets sent:               1865597433
Packets received:           1865616976
Packets forwarded:           1865616772
Packets dropped:                     0
Packets tx dropped:                 19339
Average rx batch sz: 23
--- Port 0 Hardware Stats ---
RX-Packets (Good)  : 1772347737
RX-Missed (Dropped): 28700 (Hardware queue full)
RX-Errors (Bad)    : 0 (MAC mismatch, bad CRC, etc.)
RX-No-Mbuf         : 0 (Software ran out of memory)
TX-Packets (Good)  : 1772330452
TX-Errors          : 0
------------------------------

93.26 Mpps
Cycle per fwd packet: 133
====================================================
[2J[1;1H
Port statistics ====================================
Statistics for port 0 ------------------------------
Packets sent:               1958879937
Packets received:           1958899944
Packets forwarded:           1958899820
Packets dropped:                     0
Packets tx dropped:                 19819
Average rx batch sz: 24
--- Port 0 Hardware Stats ---
RX-Packets (Good)  : 1865630737
RX-Missed (Dropped): 28700 (Hardware queue full)
RX-Errors (Bad)    : 0 (MAC mismatch, bad CRC, etc.)
RX-No-Mbuf         : 0 (Software ran out of memory)
TX-Packets (Good)  : 1865613257
TX-Errors          : 0
------------------------------

93.28 Mpps
Cycle per fwd packet: 133
====================================================
[2J[1;1H
Port statistics ====================================
Statistics for port 0 ------------------------------
Packets sent:               2052162411
Packets received:           2052182980
Packets forwarded:           2052182794
Packets dropped:                     0
Packets tx dropped:                 20383
Average rx batch sz: 24
--- Port 0 Hardware Stats ---
RX-Packets (Good)  : 1958913717
RX-Missed (Dropped): 28700 (Hardware queue full)
RX-Errors (Bad)    : 0 (MAC mismatch, bad CRC, etc.)
RX-No-Mbuf         : 0 (Software ran out of memory)
TX-Packets (Good)  : 1958895161
TX-Errors          : 0
------------------------------

93.28 Mpps
Cycle per fwd packet: 134
====================================================
[2J[1;1H
Port statistics ====================================
Statistics for port 0 ------------------------------
Packets sent:               2145444141
Packets received:           2145465944
Packets forwarded:           2145465844
Packets dropped:                     0
Packets tx dropped:                 21661
Average rx batch sz: 24
--- Port 0 Hardware Stats ---
RX-Packets (Good)  : 2052200079
RX-Missed (Dropped): 28700 (Hardware queue full)
RX-Errors (Bad)    : 0 (MAC mismatch, bad CRC, etc.)
RX-No-Mbuf         : 0 (Software ran out of memory)
TX-Packets (Good)  : 2052181375
TX-Errors          : 0
------------------------------

93.28 Mpps
Cycle per fwd packet: 134
====================================================
[2J[1;1H
Port statistics ====================================
Statistics for port 0 ------------------------------
Packets sent:               2238726505
Packets received:           2238748900
Packets forwarded:           2238748780
Packets dropped:                     0
Packets tx dropped:                 22239
Average rx batch sz: 24
--- Port 0 Hardware Stats ---
RX-Packets (Good)  : 2145479674
RX-Missed (Dropped): 28700 (Hardware queue full)
RX-Errors (Bad)    : 0 (MAC mismatch, bad CRC, etc.)
RX-No-Mbuf         : 0 (Software ran out of memory)
TX-Packets (Good)  : 2145460755
TX-Errors          : 0
------------------------------

93.28 Mpps
Cycle per fwd packet: 134
====================================================
[2J[1;1H
Port statistics ====================================
Statistics for port 0 ------------------------------
Packets sent:               2332009501
Packets received:           2332031932
Packets forwarded:           2332031796
Packets dropped:                     0
Packets tx dropped:                 22267
Average rx batch sz: 24
--- Port 0 Hardware Stats ---
RX-Packets (Good)  : 2238762714
RX-Missed (Dropped): 28700 (Hardware queue full)
RX-Errors (Bad)    : 0 (MAC mismatch, bad CRC, etc.)
RX-No-Mbuf         : 0 (Software ran out of memory)
TX-Packets (Good)  : 2238743569
TX-Errors          : 0
------------------------------

93.28 Mpps
Cycle per fwd packet: 134
====================================================
[2J[1;1H
Port statistics ====================================
Statistics for port 0 ------------------------------
Packets sent:               2425291272
Packets received:           2425314952
Packets forwarded:           2425314728
Packets dropped:                     0
Packets tx dropped:                 23456
Average rx batch sz: 24
--- Port 0 Hardware Stats ---
RX-Packets (Good)  : 2332045750
RX-Missed (Dropped): 28700 (Hardware queue full)
RX-Errors (Bad)    : 0 (MAC mismatch, bad CRC, etc.)
RX-No-Mbuf         : 0 (Software ran out of memory)
TX-Packets (Good)  : 2332024848
TX-Errors          : 0
------------------------------

93.28 Mpps
Cycle per fwd packet: 134
====================================================
[2J[1;1H
Port statistics ====================================
Statistics for port 0 ------------------------------
Packets sent:               2518573972
Packets received:           2518597920
Packets forwarded:           2518597716
Packets dropped:                     0
Packets tx dropped:                 23724
Average rx batch sz: 24
--- Port 0 Hardware Stats ---
RX-Packets (Good)  : 2425328697
RX-Missed (Dropped): 28700 (Hardware queue full)
RX-Errors (Bad)    : 0 (MAC mismatch, bad CRC, etc.)
RX-No-Mbuf         : 0 (Software ran out of memory)
TX-Packets (Good)  : 2425307641
TX-Errors          : 0
------------------------------

93.28 Mpps
Cycle per fwd packet: 134
====================================================
[2J[1;1H
Port statistics ====================================
Statistics for port 0 ------------------------------
Packets sent:               2611856788
Packets received:           2611880956
Packets forwarded:           2611880784
Packets dropped:                     0
Packets tx dropped:                 23996
Average rx batch sz: 25
--- Port 0 Hardware Stats ---
RX-Packets (Good)  : 2518611712
RX-Missed (Dropped): 28700 (Hardware queue full)
RX-Errors (Bad)    : 0 (MAC mismatch, bad CRC, etc.)
RX-No-Mbuf         : 0 (Software ran out of memory)
TX-Packets (Good)  : 2518590467
TX-Errors          : 0
------------------------------

93.28 Mpps
Cycle per fwd packet: 134
====================================================
[2J[1;1H
Port statistics ====================================
Statistics for port 0 ------------------------------
Packets sent:               2705138418
Packets received:           2705163928
Packets forwarded:           2705163762
Packets dropped:                     0
Packets tx dropped:                 25344
Average rx batch sz: 25
--- Port 0 Hardware Stats ---
RX-Packets (Good)  : 2611894683
RX-Missed (Dropped): 28700 (Hardware queue full)
RX-Errors (Bad)    : 0 (MAC mismatch, bad CRC, etc.)
RX-No-Mbuf         : 0 (Software ran out of memory)
TX-Packets (Good)  : 2611872554
TX-Errors          : 0
------------------------------

93.28 Mpps
Cycle per fwd packet: 134
====================================================
[2J[1;1H
Port statistics ====================================
Statistics for port 0 ------------------------------
Packets sent:               2798420890
Packets received:           2798446916
Packets forwarded:           2798446736
Packets dropped:                     0
Packets tx dropped:                 25804
Average rx batch sz: 25
--- Port 0 Hardware Stats ---
RX-Packets (Good)  : 2705177648
RX-Missed (Dropped): 28700 (Hardware queue full)
RX-Errors (Bad)    : 0 (MAC mismatch, bad CRC, etc.)
RX-No-Mbuf         : 0 (Software ran out of memory)
TX-Packets (Good)  : 2705154690
TX-Errors          : 0
------------------------------

93.28 Mpps
Cycle per fwd packet: 134
====================================================
[2J[1;1H
Port statistics ====================================
Statistics for port 0 ------------------------------
Packets sent:               2891702406
Packets received:           2891729944
Packets forwarded:           2891729798
Packets dropped:                     0
Packets tx dropped:                 27368
Average rx batch sz: 25
--- Port 0 Hardware Stats ---
RX-Packets (Good)  : 2798460678
RX-Missed (Dropped): 28700 (Hardware queue full)
RX-Errors (Bad)    : 0 (MAC mismatch, bad CRC, etc.)
RX-No-Mbuf         : 0 (Software ran out of memory)
TX-Packets (Good)  : 2798435997
TX-Errors          : 0
------------------------------

93.28 Mpps
Cycle per fwd packet: 134
====================================================
Minimum: 93.26
Maximum: 93.28
Average: 93.28
dramblast destroyed and memory cleaned up successfully.
Bye...
